This is pdfTeX, Version 3.141592653-2.6-1.40.25 (TeX Live 2023/Debian) (preloaded format=pdflatex 2024.11.11)  8 JUN 2026 12:35
entering extended mode
 restricted \write18 enabled.
 %&-line parsing enabled.
**report1
(./report1.tex
LaTeX2e <2023-11-01> patch level 1
L3 programming layer <2024-01-22>
(/usr/share/texlive/texmf-dist/tex/latex/base/article.cls
Document Class: article 2023/05/17 v1.4n Standard LaTeX document class
(/usr/share/texlive/texmf-dist/tex/latex/base/size12.clo
File: size12.clo 2023/05/17 v1.4n Standard LaTeX file (size option)
)
\c@part=\count187
\c@section=\count188
\c@subsection=\count189
\c@subsubsection=\count190
\c@paragraph=\count191
\c@subparagraph=\count192
\c@figure=\count193
\c@table=\count194
\abovecaptionskip=\skip48
\belowcaptionskip=\skip49
\bibindent=\dimen140
)
(/usr/share/texlive/texmf-dist/tex/latex/base/inputenc.sty
Package: inputenc 2021/02/14 v1.3d Input encoding file
\inpenc@prehook=\toks17
\inpenc@posthook=\toks18
)
(/usr/share/texlive/texmf-dist/tex/latex/base/fontenc.sty
Package: fontenc 2021/04/29 v2.0v Standard LaTeX package
)
(/usr/share/texlive/texmf-dist/tex/generic/babel/babel.sty
Package: babel 2024/01/07 v24.1 The Babel package
\babel@savecnt=\count195
\U@D=\dimen141
\l@unhyphenated=\language89

(/usr/share/texlive/texmf-dist/tex/generic/babel/txtbabel.def)
\bbl@readstream=\read2
\bbl@dirlevel=\count196

(/usr/share/texlive/texmf-dist/tex/generic/babel-english/english.ldf
Language: english 2017/06/06 v3.3r English support from the babel system
Package babel Info: Hyphen rules for 'canadian' set to \l@english
(babel)             (\language0). Reported on input line 102.
Package babel Info: Hyphen rules for 'australian' set to \l@ukenglish
(babel)             (\language5). Reported on input line 105.
Package babel Info: Hyphen rules for 'newzealand' set to \l@ukenglish
(babel)             (\language5). Reported on input line 108.
))
(/usr/share/texlive/texmf-dist/tex/generic/babel/locale/en/babel-english.tex
Package babel Info: Importing font and identification data for english
(babel)             from babel-en.ini. Reported on input line 11.
)
(/usr/share/texlive/texmf-dist/tex/latex/amsmath/amsmath.sty
Package: amsmath 2023/05/13 v2.17o AMS math features
\@mathmargin=\skip50

For additional information on amsmath, use the `?' option.
(/usr/share/texlive/texmf-dist/tex/latex/amsmath/amstext.sty
Package: amstext 2021/08/26 v2.01 AMS text

(/usr/share/texlive/texmf-dist/tex/latex/amsmath/amsgen.sty
File: amsgen.sty 1999/11/30 v2.0 generic functions
\@emptytoks=\toks19
\ex@=\dimen142
))
(/usr/share/texlive/texmf-dist/tex/latex/amsmath/amsbsy.sty
Package: amsbsy 1999/11/29 v1.2d Bold Symbols
\pmbraise@=\dimen143
)
(/usr/share/texlive/texmf-dist/tex/latex/amsmath/amsopn.sty
Package: amsopn 2022/04/08 v2.04 operator names
)
\inf@bad=\count197
LaTeX Info: Redefining \frac on input line 234.
\uproot@=\count198
\leftroot@=\count199
LaTeX Info: Redefining \overline on input line 399.
LaTeX Info: Redefining \colon on input line 410.
\classnum@=\count266
\DOTSCASE@=\count267
LaTeX Info: Redefining \ldots on input line 496.
LaTeX Info: Redefining \dots on input line 499.
LaTeX Info: Redefining \cdots on input line 620.
\Mathstrutbox@=\box51
\strutbox@=\box52
LaTeX Info: Redefining \big on input line 722.
LaTeX Info: Redefining \Big on input line 723.
LaTeX Info: Redefining \bigg on input line 724.
LaTeX Info: Redefining \Bigg on input line 725.
\big@size=\dimen144
LaTeX Font Info:    Redeclaring font encoding OML on input line 743.
LaTeX Font Info:    Redeclaring font encoding OMS on input line 744.
\macc@depth=\count268
LaTeX Info: Redefining \bmod on input line 905.
LaTeX Info: Redefining \pmod on input line 910.
LaTeX Info: Redefining \smash on input line 940.
LaTeX Info: Redefining \relbar on input line 970.
LaTeX Info: Redefining \Relbar on input line 971.
\c@MaxMatrixCols=\count269
\dotsspace@=\muskip16
\c@parentequation=\count270
\dspbrk@lvl=\count271
\tag@help=\toks20
\row@=\count272
\column@=\count273
\maxfields@=\count274
\andhelp@=\toks21
\eqnshift@=\dimen145
\alignsep@=\dimen146
\tagshift@=\dimen147
\tagwidth@=\dimen148
\totwidth@=\dimen149
\lineht@=\dimen150
\@envbody=\toks22
\multlinegap=\skip51
\multlinetaggap=\skip52
\mathdisplay@stack=\toks23
LaTeX Info: Redefining \[ on input line 2953.
LaTeX Info: Redefining \] on input line 2954.
)
(/usr/share/texlive/texmf-dist/tex/latex/amsfonts/amssymb.sty
Package: amssymb 2013/01/14 v3.01 AMS font symbols

(/usr/share/texlive/texmf-dist/tex/latex/amsfonts/amsfonts.sty
Package: amsfonts 2013/01/14 v3.01 Basic AMSFonts support
\symAMSa=\mathgroup4
\symAMSb=\mathgroup5
LaTeX Font Info:    Redeclaring math symbol \hbar on input line 98.
LaTeX Font Info:    Overwriting math alphabet `\mathfrak' in version `bold'
(Font)                  U/euf/m/n --> U/euf/b/n on input line 106.
))
(/usr/share/texlive/texmf-dist/tex/latex/tools/bm.sty
Package: bm 2023/07/08 v1.2f Bold Symbol Support (DPC/FMi)
\symboldoperators=\mathgroup6
\symboldletters=\mathgroup7
\symboldsymbols=\mathgroup8
Package bm Info: No bold for \OMX/cmex/m/n, using \pmb.
Package bm Info: No bold for \U/msa/m/n, using \pmb.
Package bm Info: No bold for \U/msb/m/n, using \pmb.
LaTeX Font Info:    Redeclaring math alphabet \mathbf on input line 149.
)
(/usr/share/texlive/texmf-dist/tex/latex/geometry/geometry.sty
Package: geometry 2020/01/02 v5.9 Page Geometry

(/usr/share/texlive/texmf-dist/tex/latex/graphics/keyval.sty
Package: keyval 2022/05/29 v1.15 key=value parser (DPC)
\KV@toks@=\toks24
)
(/usr/share/texlive/texmf-dist/tex/generic/iftex/ifvtex.sty
Package: ifvtex 2019/10/25 v1.7 ifvtex legacy package. Use iftex instead.

(/usr/share/texlive/texmf-dist/tex/generic/iftex/iftex.sty
Package: iftex 2022/02/03 v1.0f TeX engine tests
))
\Gm@cnth=\count275
\Gm@cntv=\count276
\c@Gm@tempcnt=\count277
\Gm@bindingoffset=\dimen151
\Gm@wd@mp=\dimen152
\Gm@odd@mp=\dimen153
\Gm@even@mp=\dimen154
\Gm@layoutwidth=\dimen155
\Gm@layoutheight=\dimen156
\Gm@layouthoffset=\dimen157
\Gm@layoutvoffset=\dimen158
\Gm@dimlist=\toks25
)
(/usr/share/texlive/texmf-dist/tex/latex/booktabs/booktabs.sty
Package: booktabs 2020/01/12 v1.61803398 Publication quality tables
\heavyrulewidth=\dimen159
\lightrulewidth=\dimen160
\cmidrulewidth=\dimen161
\belowrulesep=\dimen162
\belowbottomsep=\dimen163
\aboverulesep=\dimen164
\abovetopsep=\dimen165
\cmidrulesep=\dimen166
\cmidrulekern=\dimen167
\defaultaddspace=\dimen168
\@cmidla=\count278
\@cmidlb=\count279
\@aboverulesep=\dimen169
\@belowrulesep=\dimen170
\@thisruleclass=\count280
\@lastruleclass=\count281
\@thisrulewidth=\dimen171
)
(/usr/share/texlive/texmf-dist/tex/latex/tools/array.sty
Package: array 2023/10/16 v2.5g Tabular extension package (FMi)
\col@sep=\dimen172
\ar@mcellbox=\box53
\extrarowheight=\dimen173
\NC@list=\toks26
\extratabsurround=\skip53
\backup@length=\skip54
\ar@cellbox=\box54
)
(/usr/share/texlive/texmf-dist/tex/latex/xcolor/xcolor.sty
Package: xcolor 2023/11/15 v3.01 LaTeX color extensions (UK)

(/usr/share/texlive/texmf-dist/tex/latex/graphics-cfg/color.cfg
File: color.cfg 2016/01/02 v1.6 sample color configuration
)
Package xcolor Info: Driver file: pdftex.def on input line 274.

(/usr/share/texlive/texmf-dist/tex/latex/graphics-def/pdftex.def
File: pdftex.def 2022/09/22 v1.2b Graphics/color driver for pdftex
)
(/usr/share/texlive/texmf-dist/tex/latex/graphics/mathcolor.ltx)
Package xcolor Info: Model `cmy' substituted by `cmy0' on input line 1350.
Package xcolor Info: Model `hsb' substituted by `rgb' on input line 1354.
Package xcolor Info: Model `RGB' extended on input line 1366.
Package xcolor Info: Model `HTML' substituted by `rgb' on input line 1368.
Package xcolor Info: Model `Hsb' substituted by `hsb' on input line 1369.
Package xcolor Info: Model `tHsb' substituted by `hsb' on input line 1370.
Package xcolor Info: Model `HSB' substituted by `hsb' on input line 1371.
Package xcolor Info: Model `Gray' substituted by `gray' on input line 1372.
Package xcolor Info: Model `wave' substituted by `hsb' on input line 1373.
)
(/usr/share/texlive/texmf-dist/tex/latex/hyperref/hyperref.sty
Package: hyperref 2024-01-20 v7.01h Hypertext links for LaTeX

(/usr/share/texlive/texmf-dist/tex/latex/kvsetkeys/kvsetkeys.sty
Package: kvsetkeys 2022-10-05 v1.19 Key value parser (HO)
)
(/usr/share/texlive/texmf-dist/tex/generic/kvdefinekeys/kvdefinekeys.sty
Package: kvdefinekeys 2019-12-19 v1.6 Define keys (HO)
)
(/usr/share/texlive/texmf-dist/tex/generic/pdfescape/pdfescape.sty
Package: pdfescape 2019/12/09 v1.15 Implements pdfTeX's escape features (HO)

(/usr/share/texlive/texmf-dist/tex/generic/ltxcmds/ltxcmds.sty
Package: ltxcmds 2023-12-04 v1.26 LaTeX kernel commands for general use (HO)
)
(/usr/share/texlive/texmf-dist/tex/generic/pdftexcmds/pdftexcmds.sty
Package: pdftexcmds 2020-06-27 v0.33 Utility functions of pdfTeX for LuaTeX (HO
)

(/usr/share/texlive/texmf-dist/tex/generic/infwarerr/infwarerr.sty
Package: infwarerr 2019/12/03 v1.5 Providing info/warning/error messages (HO)
)
Package pdftexcmds Info: \pdf@primitive is available.
Package pdftexcmds Info: \pdf@ifprimitive is available.
Package pdftexcmds Info: \pdfdraftmode found.
))
(/usr/share/texlive/texmf-dist/tex/latex/hycolor/hycolor.sty
Package: hycolor 2020-01-27 v1.10 Color options for hyperref/bookmark (HO)
)
(/usr/share/texlive/texmf-dist/tex/latex/auxhook/auxhook.sty
Package: auxhook 2019-12-17 v1.6 Hooks for auxiliary files (HO)
)
(/usr/share/texlive/texmf-dist/tex/latex/hyperref/nameref.sty
Package: nameref 2023-11-26 v2.56 Cross-referencing by name of section

(/usr/share/texlive/texmf-dist/tex/latex/refcount/refcount.sty
Package: refcount 2019/12/15 v3.6 Data extraction from label references (HO)
)
(/usr/share/texlive/texmf-dist/tex/generic/gettitlestring/gettitlestring.sty
Package: gettitlestring 2019/12/15 v1.6 Cleanup title references (HO)

(/usr/share/texlive/texmf-dist/tex/latex/kvoptions/kvoptions.sty
Package: kvoptions 2022-06-15 v3.15 Key value format for package options (HO)
))
\c@section@level=\count282
)
(/usr/share/texlive/texmf-dist/tex/latex/etoolbox/etoolbox.sty
Package: etoolbox 2020/10/05 v2.5k e-TeX tools for LaTeX (JAW)
\etb@tempcnta=\count283
)
\@linkdim=\dimen174
\Hy@linkcounter=\count284
\Hy@pagecounter=\count285

(/usr/share/texlive/texmf-dist/tex/latex/hyperref/pd1enc.def
File: pd1enc.def 2024-01-20 v7.01h Hyperref: PDFDocEncoding definition (HO)
Now handling font encoding PD1 ...
... no UTF-8 mapping file for font encoding PD1
)
(/usr/share/texlive/texmf-dist/tex/generic/intcalc/intcalc.sty
Package: intcalc 2019/12/15 v1.3 Expandable calculations with integers (HO)
)
\Hy@SavedSpaceFactor=\count286

(/usr/share/texlive/texmf-dist/tex/latex/hyperref/puenc.def
File: puenc.def 2024-01-20 v7.01h Hyperref: PDF Unicode definition (HO)
Now handling font encoding PU ...
... no UTF-8 mapping file for font encoding PU
)
Package hyperref Info: Hyper figures OFF on input line 4179.
Package hyperref Info: Link nesting OFF on input line 4184.
Package hyperref Info: Hyper index ON on input line 4187.
Package hyperref Info: Plain pages OFF on input line 4194.
Package hyperref Info: Backreferencing OFF on input line 4199.
Package hyperref Info: Implicit mode ON; LaTeX internals redefined.
Package hyperref Info: Bookmarks ON on input line 4446.
\c@Hy@tempcnt=\count287

(/usr/share/texlive/texmf-dist/tex/latex/url/url.sty
\Urlmuskip=\muskip17
Package: url 2013/09/16  ver 3.4  Verb mode for urls, etc.
)
LaTeX Info: Redefining \url on input line 4784.
\XeTeXLinkMargin=\dimen175

(/usr/share/texlive/texmf-dist/tex/generic/bitset/bitset.sty
Package: bitset 2019/12/09 v1.3 Handle bit-vector datatype (HO)

(/usr/share/texlive/texmf-dist/tex/generic/bigintcalc/bigintcalc.sty
Package: bigintcalc 2019/12/15 v1.5 Expandable calculations on big integers (HO
)
))
\Fld@menulength=\count288
\Field@Width=\dimen176
\Fld@charsize=\dimen177
Package hyperref Info: Hyper figures OFF on input line 6063.
Package hyperref Info: Link nesting OFF on input line 6068.
Package hyperref Info: Hyper index ON on input line 6071.
Package hyperref Info: backreferencing OFF on input line 6078.
Package hyperref Info: Link coloring OFF on input line 6083.
Package hyperref Info: Link coloring with OCG OFF on input line 6088.
Package hyperref Info: PDF/A mode OFF on input line 6093.

(/usr/share/texlive/texmf-dist/tex/latex/base/atbegshi-ltx.sty
Package: atbegshi-ltx 2021/01/10 v1.0c Emulation of the original atbegshi
package with kernel methods
)
\Hy@abspage=\count289
\c@Item=\count290
\c@Hfootnote=\count291
)
Package hyperref Info: Driver (autodetected): hpdftex.

(/usr/share/texlive/texmf-dist/tex/latex/hyperref/hpdftex.def
File: hpdftex.def 2024-01-20 v7.01h Hyperref driver for pdfTeX

(/usr/share/texlive/texmf-dist/tex/latex/base/atveryend-ltx.sty
Package: atveryend-ltx 2020/08/19 v1.0a Emulation of the original atveryend pac
kage
with kernel methods
)
\Fld@listcount=\count292
\c@bookmark@seq@number=\count293

(/usr/share/texlive/texmf-dist/tex/latex/rerunfilecheck/rerunfilecheck.sty
Package: rerunfilecheck 2022-07-10 v1.10 Rerun checks for auxiliary files (HO)

(/usr/share/texlive/texmf-dist/tex/generic/uniquecounter/uniquecounter.sty
Package: uniquecounter 2019/12/15 v1.4 Provide unlimited unique counter (HO)
)
Package uniquecounter Info: New unique counter `rerunfilecheck' on input line 2
85.
)
\Hy@SectionHShift=\skip55
)
(/usr/share/texlive/texmf-dist/tex/latex/float/float.sty
Package: float 2001/11/08 v1.3d Float enhancements (AL)
\c@float@type=\count294
\float@exts=\toks27
\float@box=\box55
\@float@everytoks=\toks28
\@floatcapt=\box56
)
(/usr/share/texlive/texmf-dist/tex/latex/enumitem/enumitem.sty
Package: enumitem 2019/06/20 v3.9 Customized lists
\labelindent=\skip56
\enit@outerparindent=\dimen178
\enit@toks=\toks29
\enit@inbox=\box57
\enit@count@id=\count295
\enitdp@description=\count296
)
(/usr/share/texlive/texmf-dist/tex/latex/listings/listings.sty
\lst@mode=\count297
\lst@gtempboxa=\box58
\lst@token=\toks30
\lst@length=\count298
\lst@currlwidth=\dimen179
\lst@column=\count299
\lst@pos=\count300
\lst@lostspace=\dimen180
\lst@width=\dimen181
\lst@newlines=\count301
\lst@lineno=\count302
\lst@maxwidth=\dimen182

(/usr/share/texlive/texmf-dist/tex/latex/listings/lstmisc.sty
File: lstmisc.sty 2023/02/27 1.9 (Carsten Heinz)
\c@lstnumber=\count303
\lst@skipnumbers=\count304
\lst@framebox=\box59
)
(/usr/share/texlive/texmf-dist/tex/latex/listings/listings.cfg
File: listings.cfg 2023/02/27 1.9 listings configuration
))
Package: listings 2023/02/27 1.9 (Carsten Heinz)

(/usr/share/texlive/texmf-dist/tex/latex/caption/caption.sty
Package: caption 2023/08/05 v3.6o Customizing captions (AR)

(/usr/share/texlive/texmf-dist/tex/latex/caption/caption3.sty
Package: caption3 2023/07/31 v2.4d caption3 kernel (AR)
\caption@tempdima=\dimen183
\captionmargin=\dimen184
\caption@leftmargin=\dimen185
\caption@rightmargin=\dimen186
\caption@width=\dimen187
\caption@indent=\dimen188
\caption@parindent=\dimen189
\caption@hangindent=\dimen190
Package caption Info: Standard document class detected.
)
\c@caption@flags=\count305
\c@continuedfloat=\count306
Package caption Info: float package is loaded.
Package caption Info: hyperref package is loaded.
Package caption Info: listings package is loaded.
)
(/usr/share/texlive/texmf-dist/tex/latex/caption/subcaption.sty
Package: subcaption 2023/07/28 v1.6b Sub-captions (AR)
Package caption Info: New subtype `subfigure' on input line 238.
\c@subfigure=\count307
Package caption Info: New subtype `subtable' on input line 238.
\c@subtable=\count308
)
(/usr/share/texlive/texmf-dist/tex/latex/natbib/natbib.sty
Package: natbib 2010/09/13 8.31b (PWD, AO)
\bibhang=\skip57
\bibsep=\skip58
LaTeX Info: Redefining \cite on input line 694.
\c@NAT@ctr=\count309
)
(/usr/share/texlive/texmf-dist/tex/latex/fancyhdr/fancyhdr.sty
Package: fancyhdr 2022/11/09 v4.1 Extensive control of page headers and footers

\f@nch@headwidth=\skip59
\f@nch@O@elh=\skip60
\f@nch@O@erh=\skip61
\f@nch@O@olh=\skip62
\f@nch@O@orh=\skip63
\f@nch@O@elf=\skip64
\f@nch@O@erf=\skip65
\f@nch@O@olf=\skip66
\f@nch@O@orf=\skip67
)
(/usr/share/texlive/texmf-dist/tex/latex/parskip/parskip.sty
Package: parskip 2021-03-14 v2.0h non-zero parskip adjustments
)
(/usr/share/texlive/texmf-dist/tex/latex/graphics/rotating.sty
Package: rotating 2016/08/11 v2.16d rotated objects in LaTeX

(/usr/share/texlive/texmf-dist/tex/latex/graphics/graphicx.sty
Package: graphicx 2021/09/16 v1.2d Enhanced LaTeX Graphics (DPC,SPQR)

(/usr/share/texlive/texmf-dist/tex/latex/graphics/graphics.sty
Package: graphics 2022/03/10 v1.4e Standard LaTeX Graphics (DPC,SPQR)

(/usr/share/texlive/texmf-dist/tex/latex/graphics/trig.sty
Package: trig 2021/08/11 v1.11 sin cos tan (DPC)
)
(/usr/share/texlive/texmf-dist/tex/latex/graphics-cfg/graphics.cfg
File: graphics.cfg 2016/06/04 v1.11 sample graphics configuration
)
Package graphics Info: Driver file: pdftex.def on input line 107.
)
\Gin@req@height=\dimen191
\Gin@req@width=\dimen192
)
(/usr/share/texlive/texmf-dist/tex/latex/base/ifthen.sty
Package: ifthen 2022/04/13 v1.1d Standard LaTeX ifthen package (DPC)
)
\c@r@tfl@t=\count310
\rotFPtop=\skip68
\rotFPbot=\skip69
\rot@float@box=\box60
\rot@mess@toks=\toks31
)
Package hyperref Info: Option `colorlinks' set `true' on input line 26.

(/usr/share/texlive/texmf-dist/tex/latex/listings/lstlang1.sty
File: lstlang1.sty 2023/02/27 1.9 listings language file
)
(/usr/share/texlive/texmf-dist/tex/latex/l3backend/l3backend-pdftex.def
File: l3backend-pdftex.def 2024-01-04 L3 backend support: PDF output (pdfTeX)
\l__color_backend_stack_int=\count311
\l__pdf_internal_box=\box61
)
(./report1.aux)
\openout1 = `report1.aux'.

LaTeX Font Info:    Checking defaults for OML/cmm/m/it on input line 52.
LaTeX Font Info:    ... okay on input line 52.
LaTeX Font Info:    Checking defaults for OMS/cmsy/m/n on input line 52.
LaTeX Font Info:    ... okay on input line 52.
LaTeX Font Info:    Checking defaults for OT1/cmr/m/n on input line 52.
LaTeX Font Info:    ... okay on input line 52.
LaTeX Font Info:    Checking defaults for T1/cmr/m/n on input line 52.
LaTeX Font Info:    ... okay on input line 52.
LaTeX Font Info:    Checking defaults for TS1/cmr/m/n on input line 52.
LaTeX Font Info:    ... okay on input line 52.
LaTeX Font Info:    Checking defaults for OMX/cmex/m/n on input line 52.
LaTeX Font Info:    ... okay on input line 52.
LaTeX Font Info:    Checking defaults for U/cmr/m/n on input line 52.
LaTeX Font Info:    ... okay on input line 52.
LaTeX Font Info:    Checking defaults for PD1/pdf/m/n on input line 52.
LaTeX Font Info:    ... okay on input line 52.
LaTeX Font Info:    Checking defaults for PU/pdf/m/n on input line 52.
LaTeX Font Info:    ... okay on input line 52.

*geometry* driver: auto-detecting
*geometry* detected driver: pdftex
*geometry* verbose mode - [ preamble ] result:
* driver: pdftex
* paper: a4paper
* layout: <same size as paper>
* layoutoffset:(h,v)=(0.0pt,0.0pt)
* modes: 
* h-part:(L,W,R)=(71.13188pt, 455.24411pt, 71.13188pt)
* v-part:(T,H,B)=(71.13188pt, 702.78308pt, 71.13188pt)
* \paperwidth=597.50787pt
* \paperheight=845.04684pt
* \textwidth=455.24411pt
* \textheight=702.78308pt
* \oddsidemargin=-1.1381pt
* \evensidemargin=-1.1381pt
* \topmargin=-38.1381pt
* \headheight=14.5pt
* \headsep=25.0pt
* \topskip=12.0pt
* \footskip=30.0pt
* \marginparwidth=35.0pt
* \marginparsep=10.0pt
* \columnsep=10.0pt
* \skip\footins=10.8pt plus 4.0pt minus 2.0pt
* \hoffset=0.0pt
* \voffset=0.0pt
* \mag=1000
* \@twocolumnfalse
* \@twosidefalse
* \@mparswitchfalse
* \@reversemarginfalse
* (1in=72.27pt=25.4mm, 1cm=28.453pt)

(/usr/share/texlive/texmf-dist/tex/context/base/mkii/supp-pdf.mkii
[Loading MPS to PDF converter (version 2006.09.02).]
\scratchcounter=\count312
\scratchdimen=\dimen193
\scratchbox=\box62
\nofMPsegments=\count313
\nofMParguments=\count314
\everyMPshowfont=\toks32
\MPscratchCnt=\count315
\MPscratchDim=\dimen194
\MPnumerator=\count316
\makeMPintoPDFobject=\count317
\everyMPtoPDFconversion=\toks33
) (/usr/share/texlive/texmf-dist/tex/latex/epstopdf-pkg/epstopdf-base.sty
Package: epstopdf-base 2020-01-24 v2.11 Base part for package epstopdf
Package epstopdf-base Info: Redefining graphics rule for `.eps' on input line 4
85.

(/usr/share/texlive/texmf-dist/tex/latex/latexconfig/epstopdf-sys.cfg
File: epstopdf-sys.cfg 2010/07/13 v1.3 Configuration of (r)epstopdf for TeX Liv
e
))
Package hyperref Info: Link coloring ON on input line 52.

(./report1.out) (./report1.out)
\@outlinefile=\write3
\openout3 = `report1.out'.

\c@lstlisting=\count318
Package caption Info: Begin \AtBeginDocument code.
Package caption Info: rotating package is loaded.
Package caption Info: End \AtBeginDocument code.
LaTeX Font Info:    Trying to load font information for T1+cmtt on input line 5
7.

(/usr/share/texlive/texmf-dist/tex/latex/base/t1cmtt.fd
File: t1cmtt.fd 2023/04/13 v2.5m Standard LaTeX font definitions
) [1

{/var/lib/texmf/fonts/map/pdftex/updmap/pdftex.map}{/usr/share/texmf/fonts/enc/
dvips/cm-super/cm-super-t1.enc}] (./report1.toc
LaTeX Font Info:    Trying to load font information for U+msa on input line 4.

(/usr/share/texlive/texmf-dist/tex/latex/amsfonts/umsa.fd
File: umsa.fd 2013/01/14 v3.01 AMS symbols A
)
LaTeX Font Info:    Trying to load font information for U+msb on input line 4.

(/usr/share/texlive/texmf-dist/tex/latex/amsfonts/umsb.fd
File: umsb.fd 2013/01/14 v3.01 AMS symbols B
))
\tf@toc=\write4
\openout4 = `report1.toc'.


pdfTeX warning (ext4): destination with the same identifier (name{page.1}) has 
been already used, duplicate ignored
<to be read again> 
                   \relax 
l.65 \newpage
              [1]

Package natbib Warning: Citation `goan2020bayesian' on page 2 undefined on inpu
t line 72.


Package natbib Warning: Citation `murphy2023pml' on page 2 undefined on input l
ine 72.


Package natbib Warning: Citation `intel2021bayesiantorch' on page 2 undefined o
n input line 78.


Package natbib Warning: Citation `wen2018flipout' on page 2 undefined on input 
line 80.


Package natbib Warning: Citation `blundell2015weight' on page 2 undefined on in
put line 81.


Package natbib Warning: Citation `daxberger2021laplace' on page 2 undefined on 
input line 82.


Package natbib Warning: Citation `aleximmer2024laplace' on page 2 undefined on 
input line 82.


Package natbib Warning: Citation `murphy2023pml' on page 2 undefined on input l
ine 105.


Package natbib Warning: Citation `blundell2015weight' on page 2 undefined on in
put line 110.


Package natbib Warning: Citation `goan2020bayesian' on page 2 undefined on inpu
t line 110.


Package natbib Warning: Citation `blundell2015weight' on page 2 undefined on in
put line 123.


Package natbib Warning: Citation `wen2018flipout' on page 2 undefined on input 
line 134.


Package natbib Warning: Citation `intel2021bayesiantorch' on page 2 undefined o
n input line 146.

[2{/usr/share/texmf/fonts/enc/dvips/cm-super/cm-super-ts1.enc}]

Package natbib Warning: Citation `intel2021bayesiantorch' on page 3 undefined o
n input line 161.


Package natbib Warning: Citation `intel2021bayesiantorch' on page 3 undefined o
n input line 166.


Package natbib Warning: Citation `goan2020bayesian' on page 3 undefined on inpu
t line 180.


Package natbib Warning: Citation `daxberger2021laplace' on page 3 undefined on 
input line 192.


Package natbib Warning: Citation `daxberger2021laplace' on page 3 undefined on 
input line 211.

[3]
LaTeX Font Info:    Font shape `T1/cmtt/bx/n' in size <14.4> not available
(Font)              Font shape `T1/cmtt/m/n' tried instead on input line 248.
Package hyperref Info: bookmark level for unknown lstlisting defaults to 0 on i
nput line 251.
 [4]
Overfull \hbox (3.92467pt too wide) in paragraph at lines 288--302
 [][] 
 []

[5]
Overfull \hbox (10.81232pt too wide) in paragraph at lines 363--363
 []|\T1/cmr/m/n/8 MaxGap| 
 []


Overfull \hbox (6.27676pt too wide) in paragraph at lines 363--363
 []|\T1/cmr/m/n/8 ClECE| 
 []


Overfull \hbox (12.05507pt too wide) in paragraph at lines 363--363
 []|\T1/cmr/m/n/8 MActErr| 
 []


Overfull \hbox (5.21677pt too wide) in paragraph at lines 365--365
 []|\T1/cmr/m/n/8 ELBO| 
 []


Overfull \hbox (0.86227pt too wide) in paragraph at lines 365--365
 []|\T1/cmr/m/n/8 0.921| 
 []


Overfull \hbox (0.86227pt too wide) in paragraph at lines 365--365
 []|\T1/cmr/m/n/8 0.094| 
 []


Overfull \hbox (3.9143pt too wide) in paragraph at lines 366--366
 []|\T1/cmr/m/n/8 AvUC| 
 []


Overfull \hbox (0.86227pt too wide) in paragraph at lines 366--366
 []|\T1/cmr/m/n/8 0.918| 
 []


Overfull \hbox (0.86227pt too wide) in paragraph at lines 366--366
 []|\T1/cmr/m/n/8 0.072| 
 []


Overfull \hbox (3.09825pt too wide) in paragraph at lines 367--367
 []|\T1/cmr/m/n/8 MOP| 
 []


Overfull \hbox (5.21677pt too wide) in paragraph at lines 367--367
 []|\T1/cmr/m/n/8 ELBO| 
 []


Overfull \hbox (0.86227pt too wide) in paragraph at lines 367--367
 []|\T1/cmr/m/n/8 0.918| 
 []


Overfull \hbox (0.86227pt too wide) in paragraph at lines 367--367
 []|\T1/cmr/m/n/8 0.089| 
 []


Overfull \hbox (3.09825pt too wide) in paragraph at lines 368--368
 []|\T1/cmr/m/n/8 MOP| 
 []


Overfull \hbox (3.9143pt too wide) in paragraph at lines 368--368
 []|\T1/cmr/m/n/8 AvUC| 
 []


Overfull \hbox (0.86227pt too wide) in paragraph at lines 368--368
 []|\T1/cmr/m/n/8 0.920| 
 []


Overfull \hbox (0.86227pt too wide) in paragraph at lines 368--368
 []|\T1/cmr/m/n/8 0.072| 
 []


Overfull \hbox (5.21677pt too wide) in paragraph at lines 369--369
 []|\T1/cmr/m/n/8 ELBO| 
 []


Overfull \hbox (0.86227pt too wide) in paragraph at lines 369--369
 []|\T1/cmr/m/n/8 0.923| 
 []


Overfull \hbox (0.86227pt too wide) in paragraph at lines 369--369
 []|\T1/cmr/m/n/8 0.088| 
 []


Overfull \hbox (3.9143pt too wide) in paragraph at lines 370--370
 []|\T1/cmr/m/n/8 AvUC| 
 []


Overfull \hbox (0.86227pt too wide) in paragraph at lines 370--370
 []|\T1/cmr/m/n/8 0.866| 
 []


Overfull \hbox (0.86227pt too wide) in paragraph at lines 370--370
 []|\T1/cmr/m/n/8 0.153| 
 []


Overfull \hbox (3.09825pt too wide) in paragraph at lines 371--371
 []|\T1/cmr/m/n/8 MOP| 
 []


Overfull \hbox (5.21677pt too wide) in paragraph at lines 371--371
 []|\T1/cmr/m/n/8 ELBO| 
 []


Overfull \hbox (0.86227pt too wide) in paragraph at lines 371--371
 []|\T1/cmr/m/n/8 0.920| 
 []


Overfull \hbox (0.86227pt too wide) in paragraph at lines 371--371
 []|\T1/cmr/m/n/8 0.087| 
 []


Overfull \hbox (3.09825pt too wide) in paragraph at lines 372--372
 []|\T1/cmr/m/n/8 MOP| 
 []


Overfull \hbox (3.9143pt too wide) in paragraph at lines 372--372
 []|\T1/cmr/m/n/8 AvUC| 
 []


Overfull \hbox (0.86227pt too wide) in paragraph at lines 372--372
 []|\T1/cmr/m/n/8 0.923| 
 []


Overfull \hbox (0.86227pt too wide) in paragraph at lines 372--372
 []|\T1/cmr/m/n/8 0.067| 
 []


Overfull \hbox (10.81232pt too wide) in paragraph at lines 389--389
 []|\T1/cmr/m/n/8 MaxGap| 
 []


Overfull \hbox (6.27676pt too wide) in paragraph at lines 389--389
 []|\T1/cmr/m/n/8 ClECE| 
 []


Overfull \hbox (0.86227pt too wide) in paragraph at lines 391--391
 []|\T1/cmr/m/n/8 0.079| 
 []


Overfull \hbox (0.86227pt too wide) in paragraph at lines 392--392
 []|\T1/cmr/m/n/8 0.079| 
 []


Overfull \hbox (0.86227pt too wide) in paragraph at lines 393--393
 []|\T1/cmr/m/n/8 0.079| 
 []


Overfull \hbox (0.86227pt too wide) in paragraph at lines 394--394
 []|\T1/cmr/m/n/8 0.079| 
 []


Overfull \hbox (0.86227pt too wide) in paragraph at lines 395--395
 []|\T1/cmr/m/n/8 0.079| 
 []


Overfull \hbox (0.86227pt too wide) in paragraph at lines 396--396
 []|\T1/cmr/m/n/8 0.088| 
 []


Overfull \hbox (0.86227pt too wide) in paragraph at lines 397--397
 []|\T1/cmr/m/n/8 0.229| 
 []


Overfull \hbox (0.86227pt too wide) in paragraph at lines 398--398
 []|\T1/cmr/m/n/8 0.159| 
 []


Overfull \hbox (0.86227pt too wide) in paragraph at lines 399--399
 []|\T1/cmr/m/n/8 0.145| 
 []


Overfull \hbox (0.86227pt too wide) in paragraph at lines 400--400
 []|\T1/cmr/m/n/8 0.138| 
 []

<../notebooks/figures/ood_points.png, id=185, 502.0356pt x 397.9668pt>
File: ../notebooks/figures/ood_points.png Graphic file (type png)
<use ../notebooks/figures/ood_points.png>
Package pdftex.def Info: ../notebooks/figures/ood_points.png  used on input lin
e 407.
(pdftex.def)             Requested size: 273.14923pt x 216.52629pt.
<../notebooks/figures/bbb_moped_avuc_boundary.png, id=187, 487.0998pt x 383.031
pt>
File: ../notebooks/figures/bbb_moped_avuc_boundary.png Graphic file (type png)
<use ../notebooks/figures/bbb_moped_avuc_boundary.png>
Package pdftex.def Info: ../notebooks/figures/bbb_moped_avuc_boundary.png  used
 on input line 415.
(pdftex.def)             Requested size: 218.51521pt x 171.83049pt.
<../notebooks/figures/bbb_scratch_avuc_boundary.png, id=188, 487.0998pt x 383.0
31pt>
File: ../notebooks/figures/bbb_scratch_avuc_boundary.png Graphic file (type png
)
<use ../notebooks/figures/bbb_scratch_avuc_boundary.png>
Package pdftex.def Info: ../notebooks/figures/bbb_scratch_avuc_boundary.png  us
ed on input line 419.
(pdftex.def)             Requested size: 218.51521pt x 171.83049pt.
<../notebooks/figures/bbb_moped_avuc_uncertainty.png, id=189, 487.0998pt x 383.
031pt>
File: ../notebooks/figures/bbb_moped_avuc_uncertainty.png Graphic file (type pn
g)
<use ../notebooks/figures/bbb_moped_avuc_uncertainty.png>
Package pdftex.def Info: ../notebooks/figures/bbb_moped_avuc_uncertainty.png  u
sed on input line 424.
(pdftex.def)             Requested size: 218.51521pt x 171.83049pt.
<../notebooks/figures/bbb_scratch_avuc_uncertainty.png, id=190, 487.0998pt x 38
3.031pt>
File: ../notebooks/figures/bbb_scratch_avuc_uncertainty.png Graphic file (type 
png)
<use ../notebooks/figures/bbb_scratch_avuc_uncertainty.png>
Package pdftex.def Info: ../notebooks/figures/bbb_scratch_avuc_uncertainty.png 
 used on input line 428.
(pdftex.def)             Requested size: 218.51521pt x 171.83049pt.
[6 <../notebooks/figures/ood_points.png>] [7] [8]
<../notebooks/figures/bbb_moped_avuc_histogram.png, id=209, 619.5948pt x 397.96
68pt>
File: ../notebooks/figures/bbb_moped_avuc_histogram.png Graphic file (type png)

<use ../notebooks/figures/bbb_moped_avuc_histogram.png>
Package pdftex.def Info: ../notebooks/figures/bbb_moped_avuc_histogram.png  use
d on input line 438.
(pdftex.def)             Requested size: 218.51521pt x 140.35315pt.
<../notebooks/figures/bbb_moped_avuc_reliability.png, id=210, 503.481pt x 397.9
668pt>
File: ../notebooks/figures/bbb_moped_avuc_reliability.png Graphic file (type pn
g)
<use ../notebooks/figures/bbb_moped_avuc_reliability.png>
Package pdftex.def Info: ../notebooks/figures/bbb_moped_avuc_reliability.png  u
sed on input line 442.
(pdftex.def)             Requested size: 218.51521pt x 172.71944pt.
<../notebooks/figures/bbb_scratch_avuc_histogram.png, id=211, 619.5948pt x 397.
9668pt>
File: ../notebooks/figures/bbb_scratch_avuc_histogram.png Graphic file (type pn
g)
<use ../notebooks/figures/bbb_scratch_avuc_histogram.png>
Package pdftex.def Info: ../notebooks/figures/bbb_scratch_avuc_histogram.png  u
sed on input line 447.
(pdftex.def)             Requested size: 218.51521pt x 140.35315pt.
<../notebooks/figures/bbb_moped_elbo_reliability.png, id=212, 503.481pt x 397.9
668pt>
File: ../notebooks/figures/bbb_moped_elbo_reliability.png Graphic file (type pn
g)
<use ../notebooks/figures/bbb_moped_elbo_reliability.png>
Package pdftex.def Info: ../notebooks/figures/bbb_moped_elbo_reliability.png  u
sed on input line 451.
(pdftex.def)             Requested size: 218.51521pt x 172.71944pt.
 [9 <../notebooks/figures/bbb_moped_avuc_boundary.png> <../notebooks/figures/bb
b_scratch_avuc_boundary.png> <../notebooks/figures/bbb_moped_avuc_uncertainty.p
ng> <../notebooks/figures/bbb_scratch_avuc_uncertainty.png>]
<../notebooks/figures/bbb_moped_avuc_ood_epistemic.png, id=222, 503.481pt x 453
.3738pt>
File: ../notebooks/figures/bbb_moped_avuc_ood_epistemic.png Graphic file (type 
png)
<use ../notebooks/figures/bbb_moped_avuc_ood_epistemic.png>
Package pdftex.def Info: ../notebooks/figures/bbb_moped_avuc_ood_epistemic.png 
 used on input line 461.
(pdftex.def)             Requested size: 218.51521pt x 196.76634pt.
<../notebooks/figures/bbb_scratch_elbo_ood_epistemic.png, id=223, 518.8986pt x 
453.3738pt>
File: ../notebooks/figures/bbb_scratch_elbo_ood_epistemic.png Graphic file (typ
e png)
<use ../notebooks/figures/bbb_scratch_elbo_ood_epistemic.png>
Package pdftex.def Info: ../notebooks/figures/bbb_scratch_elbo_ood_epistemic.pn
g  used on input line 465.
(pdftex.def)             Requested size: 218.51521pt x 190.9207pt.
<../notebooks/figures/marglik_full_all_weights_boundary.png, id=224, 487.0998pt
 x 383.031pt>
File: ../notebooks/figures/marglik_full_all_weights_boundary.png Graphic file (
type png)
<use ../notebooks/figures/marglik_full_all_weights_boundary.png>
Package pdftex.def Info: ../notebooks/figures/marglik_full_all_weights_boundary
.png  used on input line 475.
(pdftex.def)             Requested size: 218.51521pt x 171.83049pt.
<../notebooks/figures/marglik_full_all_weights_reliability.png, id=225, 503.481
pt x 397.9668pt>
File: ../notebooks/figures/marglik_full_all_weights_reliability.png Graphic fil
e (type png)
<use ../notebooks/figures/marglik_full_all_weights_reliability.png>
Package pdftex.def Info: ../notebooks/figures/marglik_full_all_weights_reliabil
ity.png  used on input line 479.
(pdftex.def)             Requested size: 218.51521pt x 172.71944pt.
 [10 <../notebooks/figures/bbb_moped_avuc_histogram.png> <../notebooks/figures/
bbb_moped_avuc_reliability.png> <../notebooks/figures/bbb_scratch_avuc_histogra
m.png> <../notebooks/figures/bbb_moped_elbo_reliability.png> <../notebooks/figu
res/bbb_moped_avuc_ood_epistemic.png> <../notebooks/figures/bbb_scratch_elbo_oo
d_epistemic.png>]
<../notebooks/figures/marglik_kron_last_layer_uncertainty.png, id=238, 487.0998
pt x 383.031pt>
File: ../notebooks/figures/marglik_kron_last_layer_uncertainty.png Graphic file
 (type png)
<use ../notebooks/figures/marglik_kron_last_layer_uncertainty.png>
Package pdftex.def Info: ../notebooks/figures/marglik_kron_last_layer_uncertain
ty.png  used on input line 489.
(pdftex.def)             Requested size: 218.51521pt x 171.83049pt.
<../notebooks/figures/marglik_kron_all_weights_ood_epistemic.png, id=239, 503.4
81pt x 453.3738pt>
File: ../notebooks/figures/marglik_kron_all_weights_ood_epistemic.png Graphic f
ile (type png)
<use ../notebooks/figures/marglik_kron_all_weights_ood_epistemic.png>
Package pdftex.def Info: ../notebooks/figures/marglik_kron_all_weights_ood_epis
temic.png  used on input line 493.
(pdftex.def)             Requested size: 218.51521pt x 196.76634pt.
 (./report1.bbl [11 <../notebooks/figures/marglik_full_all_weights_boundary.png
> <../notebooks/figures/marglik_full_all_weights_reliability.png> <../notebooks
/figures/marglik_kron_last_layer_uncertainty.png> <../notebooks/figures/marglik
_kron_all_weights_ood_epistemic.png>]
Underfull \hbox (badness 1221) in paragraph at lines 37--41
[]\T1/cmr/m/n/12 Intel Labs.  \T1/cmtt/m/n/12 bayesian-torch\T1/cmr/m/n/12 : A 
li-brary for Bayesian neu-ral net-work lay-ers
 []

)

Package natbib Warning: There were undefined citations.

[12] (./report1.aux

Package natbib Warning: Citation(s) may have changed.
(natbib)                Rerun to get citations correct.

)
 ***********
LaTeX2e <2023-11-01> patch level 1
L3 programming layer <2024-01-22>
 ***********
Package rerunfilecheck Info: File `report1.out' has not changed.
(rerunfilecheck)             Checksum: FAC158F31BCDFD10A64B1D9BEFF70D63;3201.
 ) 
Here is how much of TeX's memory you used:
 16662 strings out of 474222
 261551 string characters out of 5748732
 2003975 words of memory out of 5000000
 38599 multiletter control sequences out of 15000+600000
 581045 words of font info for 96 fonts, out of 8000000 for 9000
 1141 hyphenation exceptions out of 8191
 75i,14n,79p,517b,1303s stack positions out of 10000i,1000n,20000p,200000b,200000s
</usr/share/texlive/texmf-dist/fonts/type1/public/amsfonts/cm/cmbx12.pfb></us
r/share/texlive/texmf-dist/fonts/type1/public/amsfonts/cm/cmex10.pfb></usr/shar
e/texlive/texmf-dist/fonts/type1/public/amsfonts/cm/cmmi10.pfb></usr/share/texl
ive/texmf-dist/fonts/type1/public/amsfonts/cm/cmmi12.pfb></usr/share/texlive/te
xmf-dist/fonts/type1/public/amsfonts/cm/cmmi6.pfb></usr/share/texlive/texmf-dis
t/fonts/type1/public/amsfonts/cm/cmmi8.pfb></usr/share/texlive/texmf-dist/fonts
/type1/public/amsfonts/cm/cmmib10.pfb></usr/share/texlive/texmf-dist/fonts/type
1/public/amsfonts/cmextra/cmmib8.pfb></usr/share/texlive/texmf-dist/fonts/type1
/public/amsfonts/cm/cmr10.pfb></usr/share/texlive/texmf-dist/fonts/type1/public
/amsfonts/cm/cmr12.pfb></usr/share/texlive/texmf-dist/fonts/type1/public/amsfon
ts/cm/cmr6.pfb></usr/share/texlive/texmf-dist/fonts/type1/public/amsfonts/cm/cm
r8.pfb></usr/share/texlive/texmf-dist/fonts/type1/public/amsfonts/cm/cmsy10.pfb
></usr/share/texlive/texmf-dist/fonts/type1/public/amsfonts/cm/cmsy8.pfb></usr/
share/texlive/texmf-dist/fonts/type1/public/amsfonts/symbols/msbm10.pfb></usr/s
hare/texmf/fonts/type1/public/cm-super/sfbx1200.pfb></usr/share/texmf/fonts/typ
e1/public/cm-super/sfbx1440.pfb></usr/share/texmf/fonts/type1/public/cm-super/s
fbx1728.pfb></usr/share/texmf/fonts/type1/public/cm-super/sfrm0600.pfb></usr/sh
are/texmf/fonts/type1/public/cm-super/sfrm0800.pfb></usr/share/texmf/fonts/type
1/public/cm-super/sfrm1095.pfb></usr/share/texmf/fonts/type1/public/cm-super/sf
rm1200.pfb></usr/share/texmf/fonts/type1/public/cm-super/sfrm2074.pfb></usr/sha
re/texmf/fonts/type1/public/cm-super/sfti1200.pfb></usr/share/texmf/fonts/type1
/public/cm-super/sftt1095.pfb></usr/share/texmf/fonts/type1/public/cm-super/sft
t1200.pfb></usr/share/texmf/fonts/type1/public/cm-super/sftt1440.pfb></usr/shar
e/texmf/fonts/type1/public/cm-super/sftt2074.pfb>
Output written on report1.pdf (13 pages, 3649692 bytes).
PDF statistics:
 408 PDF objects out of 1000 (max. 8388607)
 302 compressed objects within 4 object streams
 81 named destinations out of 1000 (max. 500000)
 220 words of extra memory for PDF output out of 10000 (max. 10000000)

