This is pdfTeX, Version 3.141592653-2.6-1.40.25 (TeX Live 2023/Debian) (preloaded format=pdflatex 2024.11.11)  26 JUL 2026 23:15
entering extended mode
 restricted \write18 enabled.
 %&-line parsing enabled.
**template.tex
(./template.tex
LaTeX2e <2023-11-01> patch level 1
L3 programming layer <2024-01-22>
(./IEEEtran.cls
Document Class: IEEEtran 2012/12/27 V1.8 by Michael Shell
-- See the "IEEEtran_HOWTO" manual for usage information.
-- http://www.michaelshell.org/tex/ieeetran/
\@IEEEtrantmpdimenA=\dimen140
\@IEEEtrantmpdimenB=\dimen141
\@IEEEtrantmpcountA=\count187
\@IEEEtrantmpcountB=\count188
\@IEEEtrantmptoksA=\toks17
LaTeX Font Info:    Trying to load font information for OT1+ptm on input line 3
68.
(/usr/share/texlive/texmf-dist/tex/latex/psnfss/ot1ptm.fd
File: ot1ptm.fd 2001/06/04 font definitions for OT1/ptm.
)
-- Using 8.5in x 11in (letter) paper.
-- Using PDF output.
\@IEEEnormalsizeunitybaselineskip=\dimen142
-- This is a 10 point document.
\CLASSINFOnormalsizebaselineskip=\dimen143
\CLASSINFOnormalsizeunitybaselineskip=\dimen144
\IEEEnormaljot=\dimen145
LaTeX Font Info:    Font shape `OT1/ptm/bx/n' in size <5> not available
(Font)              Font shape `OT1/ptm/b/n' tried instead on input line 726.
LaTeX Font Info:    Font shape `OT1/ptm/bx/it' in size <5> not available
(Font)              Font shape `OT1/ptm/b/it' tried instead on input line 726.
LaTeX Font Info:    Font shape `OT1/ptm/bx/n' in size <7> not available
(Font)              Font shape `OT1/ptm/b/n' tried instead on input line 726.
LaTeX Font Info:    Font shape `OT1/ptm/bx/it' in size <7> not available
(Font)              Font shape `OT1/ptm/b/it' tried instead on input line 726.
LaTeX Font Info:    Font shape `OT1/ptm/bx/n' in size <8> not available
(Font)              Font shape `OT1/ptm/b/n' tried instead on input line 726.
LaTeX Font Info:    Font shape `OT1/ptm/bx/it' in size <8> not available
(Font)              Font shape `OT1/ptm/b/it' tried instead on input line 726.
LaTeX Font Info:    Font shape `OT1/ptm/bx/n' in size <9> not available
(Font)              Font shape `OT1/ptm/b/n' tried instead on input line 726.
LaTeX Font Info:    Font shape `OT1/ptm/bx/it' in size <9> not available
(Font)              Font shape `OT1/ptm/b/it' tried instead on input line 726.
LaTeX Font Info:    Font shape `OT1/ptm/bx/n' in size <10> not available
(Font)              Font shape `OT1/ptm/b/n' tried instead on input line 726.
LaTeX Font Info:    Font shape `OT1/ptm/bx/it' in size <10> not available
(Font)              Font shape `OT1/ptm/b/it' tried instead on input line 726.
LaTeX Font Info:    Font shape `OT1/ptm/bx/n' in size <11> not available
(Font)              Font shape `OT1/ptm/b/n' tried instead on input line 726.
LaTeX Font Info:    Font shape `OT1/ptm/bx/it' in size <11> not available
(Font)              Font shape `OT1/ptm/b/it' tried instead on input line 726.
LaTeX Font Info:    Font shape `OT1/ptm/bx/n' in size <12> not available
(Font)              Font shape `OT1/ptm/b/n' tried instead on input line 726.
LaTeX Font Info:    Font shape `OT1/ptm/bx/it' in size <12> not available
(Font)              Font shape `OT1/ptm/b/it' tried instead on input line 726.
LaTeX Font Info:    Font shape `OT1/ptm/bx/n' in size <17> not available
(Font)              Font shape `OT1/ptm/b/n' tried instead on input line 726.
LaTeX Font Info:    Font shape `OT1/ptm/bx/it' in size <17> not available
(Font)              Font shape `OT1/ptm/b/it' tried instead on input line 726.
LaTeX Font Info:    Font shape `OT1/ptm/bx/n' in size <20> not available
(Font)              Font shape `OT1/ptm/b/n' tried instead on input line 726.
LaTeX Font Info:    Font shape `OT1/ptm/bx/it' in size <20> not available
(Font)              Font shape `OT1/ptm/b/it' tried instead on input line 726.
LaTeX Font Info:    Font shape `OT1/ptm/bx/n' in size <24> not available
(Font)              Font shape `OT1/ptm/b/n' tried instead on input line 726.
LaTeX Font Info:    Font shape `OT1/ptm/bx/it' in size <24> not available
(Font)              Font shape `OT1/ptm/b/it' tried instead on input line 726.
\IEEEilabelindentA=\dimen146
\IEEEilabelindentB=\dimen147
\IEEEilabelindent=\dimen148
\IEEEelabelindent=\dimen149
\IEEEdlabelindent=\dimen150
\IEEElabelindent=\dimen151
\IEEEiednormlabelsep=\dimen152
\IEEEiedmathlabelsep=\dimen153
\IEEEiedtopsep=\skip48
\c@section=\count189
\c@subsection=\count190
\c@subsubsection=\count191
\c@paragraph=\count192
\c@IEEEsubequation=\count193
\abovecaptionskip=\skip49
\belowcaptionskip=\skip50
\c@figure=\count194
\c@table=\count195
\@IEEEeqnnumcols=\count196
\@IEEEeqncolcnt=\count197
\@IEEEsubeqnnumrollback=\count198
\@IEEEtmpitemindent=\dimen154
\c@IEEEbiography=\count199
\@IEEEtranrubishbin=\box51
) (/usr/share/texlive/texmf-dist/tex/latex/base/inputenc.sty
Package: inputenc 2021/02/14 v1.3d Input encoding file
\inpenc@prehook=\toks18
\inpenc@posthook=\toks19

(/usr/share/texlive/texmf-dist/tex/latex/base/latin1.def
File: latin1.def 2021/02/14 v1.3d Input encoding file
))
(/usr/share/texlive/texmf-dist/tex/latex/graphics/graphicx.sty
Package: graphicx 2021/09/16 v1.2d Enhanced LaTeX Graphics (DPC,SPQR)

(/usr/share/texlive/texmf-dist/tex/latex/graphics/keyval.sty
Package: keyval 2022/05/29 v1.15 key=value parser (DPC)
\KV@toks@=\toks20
)
(/usr/share/texlive/texmf-dist/tex/latex/graphics/graphics.sty
Package: graphics 2022/03/10 v1.4e Standard LaTeX Graphics (DPC,SPQR)

(/usr/share/texlive/texmf-dist/tex/latex/graphics/trig.sty
Package: trig 2021/08/11 v1.11 sin cos tan (DPC)
)
(/usr/share/texlive/texmf-dist/tex/latex/graphics-cfg/graphics.cfg
File: graphics.cfg 2016/06/04 v1.11 sample graphics configuration
)
Package graphics Info: Driver file: pdftex.def on input line 107.

(/usr/share/texlive/texmf-dist/tex/latex/graphics-def/pdftex.def
File: pdftex.def 2022/09/22 v1.2b Graphics/color driver for pdftex
))
\Gin@req@height=\dimen155
\Gin@req@width=\dimen156
)
(/usr/share/texlive/texmf-dist/tex/latex/tools/array.sty
Package: array 2023/10/16 v2.5g Tabular extension package (FMi)
\col@sep=\dimen157
\ar@mcellbox=\box52
\extrarowheight=\dimen158
\NC@list=\toks21
\extratabsurround=\skip51
\backup@length=\skip52
\ar@cellbox=\box53
)
(/usr/share/texlive/texmf-dist/tex/latex/xcolor/xcolor.sty
Package: xcolor 2023/11/15 v3.01 LaTeX color extensions (UK)

(/usr/share/texlive/texmf-dist/tex/latex/graphics-cfg/color.cfg
File: color.cfg 2016/01/02 v1.6 sample color configuration
)
Package xcolor Info: Driver file: pdftex.def on input line 274.

(/usr/share/texlive/texmf-dist/tex/latex/graphics/mathcolor.ltx)
Package xcolor Info: Model `cmy' substituted by `cmy0' on input line 1350.
Package xcolor Info: Model `hsb' substituted by `rgb' on input line 1354.
Package xcolor Info: Model `RGB' extended on input line 1366.
Package xcolor Info: Model `HTML' substituted by `rgb' on input line 1368.
Package xcolor Info: Model `Hsb' substituted by `hsb' on input line 1369.
Package xcolor Info: Model `tHsb' substituted by `hsb' on input line 1370.
Package xcolor Info: Model `HSB' substituted by `hsb' on input line 1371.
Package xcolor Info: Model `Gray' substituted by `gray' on input line 1372.
Package xcolor Info: Model `wave' substituted by `hsb' on input line 1373.
)
(/usr/share/texlive/texmf-dist/tex/latex/lipsum/lipsum.sty
(/usr/share/texlive/texmf-dist/tex/latex/l3packages/l3keys2e/l3keys2e.sty
(/usr/share/texlive/texmf-dist/tex/latex/l3kernel/expl3.sty
Package: expl3 2024-01-22 L3 programming layer (loader) 

(/usr/share/texlive/texmf-dist/tex/latex/l3backend/l3backend-pdftex.def
File: l3backend-pdftex.def 2024-01-04 L3 backend support: PDF output (pdfTeX)
\l__color_backend_stack_int=\count266
\l__pdf_internal_box=\box54
))
Package: l3keys2e 2023-10-10 LaTeX2e option processing using LaTeX3 keys
)
Package: lipsum 2021-09-20 v2.7 150 paragraphs of Lorem Ipsum dummy text
\g__lipsum_par_int=\count267
\l__lipsum_a_int=\count268
\l__lipsum_b_int=\count269

(/usr/share/texlive/texmf-dist/tex/latex/lipsum/lipsum.ltd.tex))
(/usr/share/texlive/texmf-dist/tex/latex/amsfonts/amsfonts.sty
Package: amsfonts 2013/01/14 v3.01 Basic AMSFonts support
\@emptytoks=\toks22
\symAMSa=\mathgroup4
\symAMSb=\mathgroup5
LaTeX Font Info:    Redeclaring math symbol \hbar on input line 98.
LaTeX Font Info:    Overwriting math alphabet `\mathfrak' in version `bold'
(Font)                  U/euf/m/n --> U/euf/b/n on input line 106.
)
(/usr/share/texlive/texmf-dist/tex/latex/amsfonts/amssymb.sty
Package: amssymb 2013/01/14 v3.01 AMS font symbols
)
(/usr/share/texlive/texmf-dist/tex/latex/amsmath/amsmath.sty
Package: amsmath 2023/05/13 v2.17o AMS math features
\@mathmargin=\skip53

For additional information on amsmath, use the `?' option.
(/usr/share/texlive/texmf-dist/tex/latex/amsmath/amstext.sty
Package: amstext 2021/08/26 v2.01 AMS text

(/usr/share/texlive/texmf-dist/tex/latex/amsmath/amsgen.sty
File: amsgen.sty 1999/11/30 v2.0 generic functions
\@emptytoks=\toks23
\ex@=\dimen159
))
(/usr/share/texlive/texmf-dist/tex/latex/amsmath/amsbsy.sty
Package: amsbsy 1999/11/29 v1.2d Bold Symbols
\pmbraise@=\dimen160
)
(/usr/share/texlive/texmf-dist/tex/latex/amsmath/amsopn.sty
Package: amsopn 2022/04/08 v2.04 operator names
)
\inf@bad=\count270
LaTeX Info: Redefining \frac on input line 234.
\uproot@=\count271
\leftroot@=\count272
LaTeX Info: Redefining \overline on input line 399.
LaTeX Info: Redefining \colon on input line 410.
\classnum@=\count273
\DOTSCASE@=\count274
LaTeX Info: Redefining \ldots on input line 496.
LaTeX Info: Redefining \dots on input line 499.
LaTeX Info: Redefining \cdots on input line 620.
\Mathstrutbox@=\box55
\strutbox@=\box56
LaTeX Info: Redefining \big on input line 722.
LaTeX Info: Redefining \Big on input line 723.
LaTeX Info: Redefining \bigg on input line 724.
LaTeX Info: Redefining \Bigg on input line 725.
\big@size=\dimen161
LaTeX Font Info:    Redeclaring font encoding OML on input line 743.
LaTeX Font Info:    Redeclaring font encoding OMS on input line 744.
\macc@depth=\count275
LaTeX Info: Redefining \bmod on input line 905.
LaTeX Info: Redefining \pmod on input line 910.
LaTeX Info: Redefining \smash on input line 940.
LaTeX Info: Redefining \relbar on input line 970.
LaTeX Info: Redefining \Relbar on input line 971.
\c@MaxMatrixCols=\count276
\dotsspace@=\muskip16
\c@parentequation=\count277
\dspbrk@lvl=\count278
\tag@help=\toks24
\row@=\count279
\column@=\count280
\maxfields@=\count281
\andhelp@=\toks25
\eqnshift@=\dimen162
\alignsep@=\dimen163
\tagshift@=\dimen164
\tagwidth@=\dimen165
\totwidth@=\dimen166
\lineht@=\dimen167
\@envbody=\toks26
\multlinegap=\skip54
\multlinetaggap=\skip55
\mathdisplay@stack=\toks27
LaTeX Info: Redefining \[ on input line 2953.
LaTeX Info: Redefining \] on input line 2954.
)
(/usr/share/texlive/texmf-dist/tex/latex/amscls/amsthm.sty
Package: amsthm 2020/05/29 v2.20.6
\thm@style=\toks28
\thm@bodyfont=\toks29
\thm@headfont=\toks30
\thm@notefont=\toks31
\thm@headpunct=\toks32
\thm@preskip=\skip56
\thm@postskip=\skip57
\thm@headsep=\skip58
\dth@everypar=\toks33
)
\c@theorem=\count282
\c@proposition=\count283
\c@example=\count284
\c@definition=\count285
\c@lemma=\count286

(/usr/share/texlive/texmf-dist/tex/latex/hyperref/hyperref.sty
Package: hyperref 2024-01-20 v7.01h Hypertext links for LaTeX

(/usr/share/texlive/texmf-dist/tex/generic/iftex/iftex.sty
Package: iftex 2022/02/03 v1.0f TeX engine tests
)
(/usr/share/texlive/texmf-dist/tex/latex/kvsetkeys/kvsetkeys.sty
Package: kvsetkeys 2022-10-05 v1.19 Key value parser (HO)
)
(/usr/share/texlive/texmf-dist/tex/generic/kvdefinekeys/kvdefinekeys.sty
Package: kvdefinekeys 2019-12-19 v1.6 Define keys (HO)
)
(/usr/share/texlive/texmf-dist/tex/generic/pdfescape/pdfescape.sty
Package: pdfescape 2019/12/09 v1.15 Implements pdfTeX's escape features (HO)

(/usr/share/texlive/texmf-dist/tex/generic/ltxcmds/ltxcmds.sty
Package: ltxcmds 2023-12-04 v1.26 LaTeX kernel commands for general use (HO)
)
(/usr/share/texlive/texmf-dist/tex/generic/pdftexcmds/pdftexcmds.sty
Package: pdftexcmds 2020-06-27 v0.33 Utility functions of pdfTeX for LuaTeX (HO
)

(/usr/share/texlive/texmf-dist/tex/generic/infwarerr/infwarerr.sty
Package: infwarerr 2019/12/03 v1.5 Providing info/warning/error messages (HO)
)
Package pdftexcmds Info: \pdf@primitive is available.
Package pdftexcmds Info: \pdf@ifprimitive is available.
Package pdftexcmds Info: \pdfdraftmode found.
))
(/usr/share/texlive/texmf-dist/tex/latex/hycolor/hycolor.sty
Package: hycolor 2020-01-27 v1.10 Color options for hyperref/bookmark (HO)
)
(/usr/share/texlive/texmf-dist/tex/latex/auxhook/auxhook.sty
Package: auxhook 2019-12-17 v1.6 Hooks for auxiliary files (HO)
)
(/usr/share/texlive/texmf-dist/tex/latex/hyperref/nameref.sty
Package: nameref 2023-11-26 v2.56 Cross-referencing by name of section

(/usr/share/texlive/texmf-dist/tex/latex/refcount/refcount.sty
Package: refcount 2019/12/15 v3.6 Data extraction from label references (HO)
)
(/usr/share/texlive/texmf-dist/tex/generic/gettitlestring/gettitlestring.sty
Package: gettitlestring 2019/12/15 v1.6 Cleanup title references (HO)

(/usr/share/texlive/texmf-dist/tex/latex/kvoptions/kvoptions.sty
Package: kvoptions 2022-06-15 v3.15 Key value format for package options (HO)
))
\c@section@level=\count287
)
(/usr/share/texlive/texmf-dist/tex/latex/etoolbox/etoolbox.sty
Package: etoolbox 2020/10/05 v2.5k e-TeX tools for LaTeX (JAW)
\etb@tempcnta=\count288
)
\@linkdim=\dimen168
\Hy@linkcounter=\count289
\Hy@pagecounter=\count290

(/usr/share/texlive/texmf-dist/tex/latex/hyperref/pd1enc.def
File: pd1enc.def 2024-01-20 v7.01h Hyperref: PDFDocEncoding definition (HO)
Now handling font encoding PD1 ...
... no UTF-8 mapping file for font encoding PD1
)
(/usr/share/texlive/texmf-dist/tex/generic/intcalc/intcalc.sty
Package: intcalc 2019/12/15 v1.3 Expandable calculations with integers (HO)
)
\Hy@SavedSpaceFactor=\count291

(/usr/share/texlive/texmf-dist/tex/latex/hyperref/puenc.def
File: puenc.def 2024-01-20 v7.01h Hyperref: PDF Unicode definition (HO)
Now handling font encoding PU ...
... no UTF-8 mapping file for font encoding PU
)
Package hyperref Info: Option `colorlinks' set `true' on input line 4062.
Package hyperref Info: Hyper figures OFF on input line 4179.
Package hyperref Info: Link nesting OFF on input line 4184.
Package hyperref Info: Hyper index ON on input line 4187.
Package hyperref Info: Plain pages OFF on input line 4194.
Package hyperref Info: Backreferencing OFF on input line 4199.
Package hyperref Info: Implicit mode ON; LaTeX internals redefined.
Package hyperref Info: Bookmarks ON on input line 4446.
\c@Hy@tempcnt=\count292

(/usr/share/texlive/texmf-dist/tex/latex/url/url.sty
\Urlmuskip=\muskip17
Package: url 2013/09/16  ver 3.4  Verb mode for urls, etc.
)
LaTeX Info: Redefining \url on input line 4784.
\XeTeXLinkMargin=\dimen169

(/usr/share/texlive/texmf-dist/tex/generic/bitset/bitset.sty
Package: bitset 2019/12/09 v1.3 Handle bit-vector datatype (HO)

(/usr/share/texlive/texmf-dist/tex/generic/bigintcalc/bigintcalc.sty
Package: bigintcalc 2019/12/15 v1.5 Expandable calculations on big integers (HO
)
))
\Fld@menulength=\count293
\Field@Width=\dimen170
\Fld@charsize=\dimen171
Package hyperref Info: Hyper figures OFF on input line 6063.
Package hyperref Info: Link nesting OFF on input line 6068.
Package hyperref Info: Hyper index ON on input line 6071.
Package hyperref Info: backreferencing OFF on input line 6078.
Package hyperref Info: Link coloring ON on input line 6081.
Package hyperref Info: Link coloring with OCG OFF on input line 6088.
Package hyperref Info: PDF/A mode OFF on input line 6093.

(/usr/share/texlive/texmf-dist/tex/latex/base/atbegshi-ltx.sty
Package: atbegshi-ltx 2021/01/10 v1.0c Emulation of the original atbegshi
package with kernel methods
)
\Hy@abspage=\count294
\c@Item=\count295
\c@Hfootnote=\count296
)
Package hyperref Info: Driver (autodetected): hpdftex.

(/usr/share/texlive/texmf-dist/tex/latex/hyperref/hpdftex.def
File: hpdftex.def 2024-01-20 v7.01h Hyperref driver for pdfTeX

(/usr/share/texlive/texmf-dist/tex/latex/base/atveryend-ltx.sty
Package: atveryend-ltx 2020/08/19 v1.0a Emulation of the original atveryend pac
kage
with kernel methods
)
\Fld@listcount=\count297
\c@bookmark@seq@number=\count298

(/usr/share/texlive/texmf-dist/tex/latex/rerunfilecheck/rerunfilecheck.sty
Package: rerunfilecheck 2022-07-10 v1.10 Rerun checks for auxiliary files (HO)

(/usr/share/texlive/texmf-dist/tex/generic/uniquecounter/uniquecounter.sty
Package: uniquecounter 2019/12/15 v1.4 Provide unlimited unique counter (HO)
)
Package uniquecounter Info: New unique counter `rerunfilecheck' on input line 2
85.
)
\Hy@SectionHShift=\skip59
)
(/usr/share/texlive/texmf-dist/tex/latex/cleveref/cleveref.sty
Package: cleveref 2018/03/27 v0.21.4 Intelligent cross-referencing
Package cleveref Info: `hyperref' support loaded on input line 2370.
LaTeX Info: Redefining \cref on input line 2370.
LaTeX Info: Redefining \Cref on input line 2370.
LaTeX Info: Redefining \crefrange on input line 2370.
LaTeX Info: Redefining \Crefrange on input line 2370.
LaTeX Info: Redefining \cpageref on input line 2370.
LaTeX Info: Redefining \Cpageref on input line 2370.
LaTeX Info: Redefining \cpagerefrange on input line 2370.
LaTeX Info: Redefining \Cpagerefrange on input line 2370.
LaTeX Info: Redefining \labelcref on input line 2370.
LaTeX Info: Redefining \labelcpageref on input line 2370.
Package cleveref Info: `amsthm' support loaded on input line 3026.
)
(/usr/share/texlive/texmf-dist/tex/latex/booktabs/booktabs.sty
Package: booktabs 2020/01/12 v1.61803398 Publication quality tables
\heavyrulewidth=\dimen172
\lightrulewidth=\dimen173
\cmidrulewidth=\dimen174
\belowrulesep=\dimen175
\belowbottomsep=\dimen176
\aboverulesep=\dimen177
\abovetopsep=\dimen178
\cmidrulesep=\dimen179
\cmidrulekern=\dimen180
\defaultaddspace=\dimen181
\@cmidla=\count299
\@cmidlb=\count300
\@aboverulesep=\dimen182
\@belowrulesep=\dimen183
\@thisruleclass=\count301
\@lastruleclass=\count302
\@thisrulewidth=\dimen184
)
(/usr/share/texlive/texmf-dist/tex/latex/multirow/multirow.sty
Package: multirow 2021/03/15 v2.8 Span multiple rows of a table
\multirow@colwidth=\skip60
\multirow@cntb=\count303
\multirow@dima=\skip61
\bigstrutjot=\dimen185
)
(/usr/share/texlive/texmf-dist/tex/latex/tikzscale/tikzscale.sty
Package: tikzscale 2013/05/22 v0.2.6 tikzscale LaTeX package

(/usr/share/texlive/texmf-dist/tex/latex/pgf/utilities/pgfkeys.sty
(/usr/share/texlive/texmf-dist/tex/generic/pgf/utilities/pgfkeys.code.tex
\pgfkeys@pathtoks=\toks34
\pgfkeys@temptoks=\toks35

(/usr/share/texlive/texmf-dist/tex/generic/pgf/utilities/pgfkeyslibraryfiltered
.code.tex
\pgfkeys@tmptoks=\toks36
)))
(/usr/share/texlive/texmf-dist/tex/latex/l3packages/xparse/xparse.sty
Package: xparse 2023-10-10 L3 Experimental document command parser
)
(/usr/share/texlive/texmf-dist/tex/latex/letltxmacro/letltxmacro.sty
Package: letltxmacro 2019/12/03 v1.6 Let assignment for LaTeX macros (HO)
)
(/usr/share/texlive/texmf-dist/tex/generic/xstring/xstring.sty
(/usr/share/texlive/texmf-dist/tex/generic/xstring/xstring.tex
\xs_counta=\count304
\xs_countb=\count305
)
Package: xstring 2023/08/22 v1.86 String manipulations (CT)
)
\tikzscale@measuredSize=\box57
)
(/usr/share/texlive/texmf-dist/tex/latex/pgfplots/pgfplots.sty
(/usr/share/texlive/texmf-dist/tex/generic/pgfplots/pgfplots.revision.tex)
Package: pgfplots 2021/05/15 v1.18.1 Data Visualization (1.18.1)

(/usr/share/texlive/texmf-dist/tex/latex/pgf/frontendlayer/tikz.sty
(/usr/share/texlive/texmf-dist/tex/latex/pgf/basiclayer/pgf.sty
(/usr/share/texlive/texmf-dist/tex/latex/pgf/utilities/pgfrcs.sty
(/usr/share/texlive/texmf-dist/tex/generic/pgf/utilities/pgfutil-common.tex
\pgfutil@everybye=\toks37
\pgfutil@tempdima=\dimen186
\pgfutil@tempdimb=\dimen187
)
(/usr/share/texlive/texmf-dist/tex/generic/pgf/utilities/pgfutil-latex.def
\pgfutil@abb=\box58
)
(/usr/share/texlive/texmf-dist/tex/generic/pgf/utilities/pgfrcs.code.tex
(/usr/share/texlive/texmf-dist/tex/generic/pgf/pgf.revision.tex)
Package: pgfrcs 2023-01-15 v3.1.10 (3.1.10)
))
Package: pgf 2023-01-15 v3.1.10 (3.1.10)

(/usr/share/texlive/texmf-dist/tex/latex/pgf/basiclayer/pgfcore.sty
(/usr/share/texlive/texmf-dist/tex/latex/pgf/systemlayer/pgfsys.sty
(/usr/share/texlive/texmf-dist/tex/generic/pgf/systemlayer/pgfsys.code.tex
Package: pgfsys 2023-01-15 v3.1.10 (3.1.10)
\pgf@x=\dimen188
\pgf@y=\dimen189
\pgf@xa=\dimen190
\pgf@ya=\dimen191
\pgf@xb=\dimen192
\pgf@yb=\dimen193
\pgf@xc=\dimen194
\pgf@yc=\dimen195
\pgf@xd=\dimen196
\pgf@yd=\dimen197
\w@pgf@writea=\write3
\r@pgf@reada=\read2
\c@pgf@counta=\count306
\c@pgf@countb=\count307
\c@pgf@countc=\count308
\c@pgf@countd=\count309
\t@pgf@toka=\toks38
\t@pgf@tokb=\toks39
\t@pgf@tokc=\toks40
\pgf@sys@id@count=\count310

(/usr/share/texlive/texmf-dist/tex/generic/pgf/systemlayer/pgf.cfg
File: pgf.cfg 2023-01-15 v3.1.10 (3.1.10)
)
Driver file for pgf: pgfsys-pdftex.def

(/usr/share/texlive/texmf-dist/tex/generic/pgf/systemlayer/pgfsys-pdftex.def
File: pgfsys-pdftex.def 2023-01-15 v3.1.10 (3.1.10)

(/usr/share/texlive/texmf-dist/tex/generic/pgf/systemlayer/pgfsys-common-pdf.de
f
File: pgfsys-common-pdf.def 2023-01-15 v3.1.10 (3.1.10)
)))
(/usr/share/texlive/texmf-dist/tex/generic/pgf/systemlayer/pgfsyssoftpath.code.
tex
File: pgfsyssoftpath.code.tex 2023-01-15 v3.1.10 (3.1.10)
\pgfsyssoftpath@smallbuffer@items=\count311
\pgfsyssoftpath@bigbuffer@items=\count312
)
(/usr/share/texlive/texmf-dist/tex/generic/pgf/systemlayer/pgfsysprotocol.code.
tex
File: pgfsysprotocol.code.tex 2023-01-15 v3.1.10 (3.1.10)
))
(/usr/share/texlive/texmf-dist/tex/generic/pgf/basiclayer/pgfcore.code.tex
Package: pgfcore 2023-01-15 v3.1.10 (3.1.10)

(/usr/share/texlive/texmf-dist/tex/generic/pgf/math/pgfmath.code.tex
(/usr/share/texlive/texmf-dist/tex/generic/pgf/math/pgfmathutil.code.tex)
(/usr/share/texlive/texmf-dist/tex/generic/pgf/math/pgfmathparser.code.tex
\pgfmath@dimen=\dimen198
\pgfmath@count=\count313
\pgfmath@box=\box59
\pgfmath@toks=\toks41
\pgfmath@stack@operand=\toks42
\pgfmath@stack@operation=\toks43
)
(/usr/share/texlive/texmf-dist/tex/generic/pgf/math/pgfmathfunctions.code.tex)
(/usr/share/texlive/texmf-dist/tex/generic/pgf/math/pgfmathfunctions.basic.code
.tex)
(/usr/share/texlive/texmf-dist/tex/generic/pgf/math/pgfmathfunctions.trigonomet
ric.code.tex)
(/usr/share/texlive/texmf-dist/tex/generic/pgf/math/pgfmathfunctions.random.cod
e.tex)
(/usr/share/texlive/texmf-dist/tex/generic/pgf/math/pgfmathfunctions.comparison
.code.tex)
(/usr/share/texlive/texmf-dist/tex/generic/pgf/math/pgfmathfunctions.base.code.
tex)
(/usr/share/texlive/texmf-dist/tex/generic/pgf/math/pgfmathfunctions.round.code
.tex)
(/usr/share/texlive/texmf-dist/tex/generic/pgf/math/pgfmathfunctions.misc.code.
tex)
(/usr/share/texlive/texmf-dist/tex/generic/pgf/math/pgfmathfunctions.integerari
thmetics.code.tex)
(/usr/share/texlive/texmf-dist/tex/generic/pgf/math/pgfmathcalc.code.tex)
(/usr/share/texlive/texmf-dist/tex/generic/pgf/math/pgfmathfloat.code.tex
\c@pgfmathroundto@lastzeros=\count314
))
(/usr/share/texlive/texmf-dist/tex/generic/pgf/math/pgfint.code.tex)
(/usr/share/texlive/texmf-dist/tex/generic/pgf/basiclayer/pgfcorepoints.code.te
x
File: pgfcorepoints.code.tex 2023-01-15 v3.1.10 (3.1.10)
\pgf@picminx=\dimen199
\pgf@picmaxx=\dimen256
\pgf@picminy=\dimen257
\pgf@picmaxy=\dimen258
\pgf@pathminx=\dimen259
\pgf@pathmaxx=\dimen260
\pgf@pathminy=\dimen261
\pgf@pathmaxy=\dimen262
\pgf@xx=\dimen263
\pgf@xy=\dimen264
\pgf@yx=\dimen265
\pgf@yy=\dimen266
\pgf@zx=\dimen267
\pgf@zy=\dimen268
)
(/usr/share/texlive/texmf-dist/tex/generic/pgf/basiclayer/pgfcorepathconstruct.
code.tex
File: pgfcorepathconstruct.code.tex 2023-01-15 v3.1.10 (3.1.10)
\pgf@path@lastx=\dimen269
\pgf@path@lasty=\dimen270
)
(/usr/share/texlive/texmf-dist/tex/generic/pgf/basiclayer/pgfcorepathusage.code
.tex
File: pgfcorepathusage.code.tex 2023-01-15 v3.1.10 (3.1.10)
\pgf@shorten@end@additional=\dimen271
\pgf@shorten@start@additional=\dimen272
)
(/usr/share/texlive/texmf-dist/tex/generic/pgf/basiclayer/pgfcorescopes.code.te
x
File: pgfcorescopes.code.tex 2023-01-15 v3.1.10 (3.1.10)
\pgfpic=\box60
\pgf@hbox=\box61
\pgf@layerbox@main=\box62
\pgf@picture@serial@count=\count315
)
(/usr/share/texlive/texmf-dist/tex/generic/pgf/basiclayer/pgfcoregraphicstate.c
ode.tex
File: pgfcoregraphicstate.code.tex 2023-01-15 v3.1.10 (3.1.10)
\pgflinewidth=\dimen273
)
(/usr/share/texlive/texmf-dist/tex/generic/pgf/basiclayer/pgfcoretransformation
s.code.tex
File: pgfcoretransformations.code.tex 2023-01-15 v3.1.10 (3.1.10)
\pgf@pt@x=\dimen274
\pgf@pt@y=\dimen275
\pgf@pt@temp=\dimen276
)
(/usr/share/texlive/texmf-dist/tex/generic/pgf/basiclayer/pgfcorequick.code.tex
File: pgfcorequick.code.tex 2023-01-15 v3.1.10 (3.1.10)
)
(/usr/share/texlive/texmf-dist/tex/generic/pgf/basiclayer/pgfcoreobjects.code.t
ex
File: pgfcoreobjects.code.tex 2023-01-15 v3.1.10 (3.1.10)
)
(/usr/share/texlive/texmf-dist/tex/generic/pgf/basiclayer/pgfcorepathprocessing
.code.tex
File: pgfcorepathprocessing.code.tex 2023-01-15 v3.1.10 (3.1.10)
)
(/usr/share/texlive/texmf-dist/tex/generic/pgf/basiclayer/pgfcorearrows.code.te
x
File: pgfcorearrows.code.tex 2023-01-15 v3.1.10 (3.1.10)
\pgfarrowsep=\dimen277
)
(/usr/share/texlive/texmf-dist/tex/generic/pgf/basiclayer/pgfcoreshade.code.tex
File: pgfcoreshade.code.tex 2023-01-15 v3.1.10 (3.1.10)
\pgf@max=\dimen278
\pgf@sys@shading@range@num=\count316
\pgf@shadingcount=\count317
)
(/usr/share/texlive/texmf-dist/tex/generic/pgf/basiclayer/pgfcoreimage.code.tex
File: pgfcoreimage.code.tex 2023-01-15 v3.1.10 (3.1.10)
)
(/usr/share/texlive/texmf-dist/tex/generic/pgf/basiclayer/pgfcoreexternal.code.
tex
File: pgfcoreexternal.code.tex 2023-01-15 v3.1.10 (3.1.10)
\pgfexternal@startupbox=\box63
)
(/usr/share/texlive/texmf-dist/tex/generic/pgf/basiclayer/pgfcorelayers.code.te
x
File: pgfcorelayers.code.tex 2023-01-15 v3.1.10 (3.1.10)
)
(/usr/share/texlive/texmf-dist/tex/generic/pgf/basiclayer/pgfcoretransparency.c
ode.tex
File: pgfcoretransparency.code.tex 2023-01-15 v3.1.10 (3.1.10)
)
(/usr/share/texlive/texmf-dist/tex/generic/pgf/basiclayer/pgfcorepatterns.code.
tex
File: pgfcorepatterns.code.tex 2023-01-15 v3.1.10 (3.1.10)
)
(/usr/share/texlive/texmf-dist/tex/generic/pgf/basiclayer/pgfcorerdf.code.tex
File: pgfcorerdf.code.tex 2023-01-15 v3.1.10 (3.1.10)
)))
(/usr/share/texlive/texmf-dist/tex/generic/pgf/modules/pgfmoduleshapes.code.tex
File: pgfmoduleshapes.code.tex 2023-01-15 v3.1.10 (3.1.10)
\pgfnodeparttextbox=\box64
) (/usr/share/texlive/texmf-dist/tex/generic/pgf/modules/pgfmoduleplot.code.tex
File: pgfmoduleplot.code.tex 2023-01-15 v3.1.10 (3.1.10)
)
(/usr/share/texlive/texmf-dist/tex/latex/pgf/compatibility/pgfcomp-version-0-65
.sty
Package: pgfcomp-version-0-65 2023-01-15 v3.1.10 (3.1.10)
\pgf@nodesepstart=\dimen279
\pgf@nodesepend=\dimen280
)
(/usr/share/texlive/texmf-dist/tex/latex/pgf/compatibility/pgfcomp-version-1-18
.sty
Package: pgfcomp-version-1-18 2023-01-15 v3.1.10 (3.1.10)
)) (/usr/share/texlive/texmf-dist/tex/latex/pgf/utilities/pgffor.sty
(/usr/share/texlive/texmf-dist/tex/latex/pgf/math/pgfmath.sty
(/usr/share/texlive/texmf-dist/tex/generic/pgf/math/pgfmath.code.tex))
(/usr/share/texlive/texmf-dist/tex/generic/pgf/utilities/pgffor.code.tex
Package: pgffor 2023-01-15 v3.1.10 (3.1.10)
\pgffor@iter=\dimen281
\pgffor@skip=\dimen282
\pgffor@stack=\toks44
\pgffor@toks=\toks45
))
(/usr/share/texlive/texmf-dist/tex/generic/pgf/frontendlayer/tikz/tikz.code.tex
Package: tikz 2023-01-15 v3.1.10 (3.1.10)

(/usr/share/texlive/texmf-dist/tex/generic/pgf/libraries/pgflibraryplothandlers
.code.tex
File: pgflibraryplothandlers.code.tex 2023-01-15 v3.1.10 (3.1.10)
\pgf@plot@mark@count=\count318
\pgfplotmarksize=\dimen283
)
\tikz@lastx=\dimen284
\tikz@lasty=\dimen285
\tikz@lastxsaved=\dimen286
\tikz@lastysaved=\dimen287
\tikz@lastmovetox=\dimen288
\tikz@lastmovetoy=\dimen289
\tikzleveldistance=\dimen290
\tikzsiblingdistance=\dimen291
\tikz@figbox=\box65
\tikz@figbox@bg=\box66
\tikz@tempbox=\box67
\tikz@tempbox@bg=\box68
\tikztreelevel=\count319
\tikznumberofchildren=\count320
\tikznumberofcurrentchild=\count321
\tikz@fig@count=\count322

(/usr/share/texlive/texmf-dist/tex/generic/pgf/modules/pgfmodulematrix.code.tex
File: pgfmodulematrix.code.tex 2023-01-15 v3.1.10 (3.1.10)
\pgfmatrixcurrentrow=\count323
\pgfmatrixcurrentcolumn=\count324
\pgf@matrix@numberofcolumns=\count325
)
\tikz@expandcount=\count326

(/usr/share/texlive/texmf-dist/tex/generic/pgf/frontendlayer/tikz/libraries/tik
zlibrarytopaths.code.tex
File: tikzlibrarytopaths.code.tex 2023-01-15 v3.1.10 (3.1.10)
)))
(/usr/share/texlive/texmf-dist/tex/generic/pgfplots/pgfplots.code.tex
(/usr/share/texlive/texmf-dist/tex/generic/pgfplots/pgfplotscore.code.tex
\t@pgfplots@toka=\toks46
\t@pgfplots@tokb=\toks47
\t@pgfplots@tokc=\toks48
\pgfplots@tmpa=\dimen292
\c@pgfplots@coordindex=\count327
\c@pgfplots@scanlineindex=\count328

(/usr/share/texlive/texmf-dist/tex/generic/pgfplots/sys/pgfplotssysgeneric.code
.tex))
(/usr/share/texlive/texmf-dist/tex/generic/pgfplots/libs/pgfplotslibrary.code.t
ex)
(/usr/share/texlive/texmf-dist/tex/generic/pgfplots/oldpgfcompatib/pgfplotsoldp
gfsupp_loader.code.tex
(/usr/share/texlive/texmf-dist/tex/generic/pgf/libraries/pgflibraryfpu.code.tex
)
Package pgfplots: loading complementary utilities for your pgf version...
\t@pgf@toka=\toks49
\t@pgf@tokb=\toks50
\t@pgf@tokc=\toks51

(/usr/share/texlive/texmf-dist/tex/generic/pgfplots/oldpgfcompatib/pgfplotsoldp
gfsupp_pgfutil-common-lists.tex))
(/usr/share/texlive/texmf-dist/tex/generic/pgfplots/util/pgfplotsutil.code.tex
(/usr/share/texlive/texmf-dist/tex/generic/pgfplots/liststructure/pgfplotslists
tructure.code.tex)
(/usr/share/texlive/texmf-dist/tex/generic/pgfplots/liststructure/pgfplotslists
tructureext.code.tex)
(/usr/share/texlive/texmf-dist/tex/generic/pgfplots/liststructure/pgfplotsarray
.code.tex
\c@pgfplotsarray@tmp=\count329
)
(/usr/share/texlive/texmf-dist/tex/generic/pgfplots/liststructure/pgfplotsmatri
x.code.tex)
(/usr/share/texlive/texmf-dist/tex/generic/pgfplots/numtable/pgfplotstableshare
d.code.tex
\c@pgfplotstable@counta=\count330
\t@pgfplotstable@a=\toks52
)
(/usr/share/texlive/texmf-dist/tex/generic/pgfplots/liststructure/pgfplotsdeque
.code.tex)
(/usr/share/texlive/texmf-dist/tex/generic/pgfplots/util/pgfplotsbinary.code.te
x
(/usr/share/texlive/texmf-dist/tex/generic/pgfplots/util/pgfplotsbinary.data.co
de.tex))
(/usr/share/texlive/texmf-dist/tex/generic/pgfplots/util/pgfplotsutil.verb.code
.tex)
(/usr/share/texlive/texmf-dist/tex/generic/pgfplots/libs/pgflibrarypgfplots.sur
fshading.code.tex
\c@pgfplotslibrarysurf@no=\count331

(/usr/share/texlive/texmf-dist/tex/generic/pgfplots/sys/pgflibrarypgfplots.surf
shading.pgfsys-pdftex.def)))
(/usr/share/texlive/texmf-dist/tex/generic/pgfplots/util/pgfplotscolormap.code.
tex
(/usr/share/texlive/texmf-dist/tex/generic/pgfplots/util/pgfplotscolor.code.tex
))
(/usr/share/texlive/texmf-dist/tex/generic/pgfplots/pgfplotsstackedplots.code.t
ex)
(/usr/share/texlive/texmf-dist/tex/generic/pgfplots/pgfplotsplothandlers.code.t
ex
(/usr/share/texlive/texmf-dist/tex/generic/pgfplots/pgfplotsmeshplothandler.cod
e.tex
(/usr/share/texlive/texmf-dist/tex/generic/pgfplots/pgfplotsmeshplotimage.code.
tex)))
(/usr/share/texlive/texmf-dist/tex/generic/pgfplots/pgfplots.scaling.code.tex)
(/usr/share/texlive/texmf-dist/tex/generic/pgfplots/pgfplotscoordprocessing.cod
e.tex)
(/usr/share/texlive/texmf-dist/tex/generic/pgfplots/pgfplots.errorbars.code.tex
) (/usr/share/texlive/texmf-dist/tex/generic/pgfplots/pgfplots.markers.code.tex
) (/usr/share/texlive/texmf-dist/tex/generic/pgfplots/pgfplotsticks.code.tex)
(/usr/share/texlive/texmf-dist/tex/generic/pgfplots/pgfplots.paths.code.tex)
(/usr/share/texlive/texmf-dist/tex/generic/pgf/frontendlayer/tikz/libraries/tik
zlibrarydecorations.code.tex
(/usr/share/texlive/texmf-dist/tex/generic/pgf/modules/pgfmoduledecorations.cod
e.tex
\pgfdecoratedcompleteddistance=\dimen293
\pgfdecoratedremainingdistance=\dimen294
\pgfdecoratedinputsegmentcompleteddistance=\dimen295
\pgfdecoratedinputsegmentremainingdistance=\dimen296
\pgf@decorate@distancetomove=\dimen297
\pgf@decorate@repeatstate=\count332
\pgfdecorationsegmentamplitude=\dimen298
\pgfdecorationsegmentlength=\dimen299
)
\tikz@lib@dec@box=\box69
)
(/usr/share/texlive/texmf-dist/tex/generic/pgf/frontendlayer/tikz/libraries/tik
zlibrarydecorations.pathmorphing.code.tex
(/usr/share/texlive/texmf-dist/tex/generic/pgf/libraries/decorations/pgflibrary
decorations.pathmorphing.code.tex))
(/usr/share/texlive/texmf-dist/tex/generic/pgf/frontendlayer/tikz/libraries/tik
zlibrarydecorations.pathreplacing.code.tex
(/usr/share/texlive/texmf-dist/tex/generic/pgf/libraries/decorations/pgflibrary
decorations.pathreplacing.code.tex))
(/usr/share/texlive/texmf-dist/tex/generic/pgfplots/libs/tikzlibrarypgfplots.co
ntourlua.code.tex)
\pgfplots@numplots=\count333
\pgfplots@xmin@reg=\dimen300
\pgfplots@xmax@reg=\dimen301
\pgfplots@ymin@reg=\dimen302
\pgfplots@ymax@reg=\dimen303
\pgfplots@zmin@reg=\dimen304
\pgfplots@zmax@reg=\dimen305
)
(/usr/share/texlive/texmf-dist/tex/generic/pgf/frontendlayer/tikz/libraries/tik
zlibraryplotmarks.code.tex
File: tikzlibraryplotmarks.code.tex 2023-01-15 v3.1.10 (3.1.10)

(/usr/share/texlive/texmf-dist/tex/generic/pgf/libraries/pgflibraryplotmarks.co
de.tex
File: pgflibraryplotmarks.code.tex 2023-01-15 v3.1.10 (3.1.10)
))) (/usr/share/texlive/texmf-dist/tex/latex/mathtools/mathtools.sty
Package: mathtools 2022/06/29 v1.29 mathematical typesetting tools

(/usr/share/texlive/texmf-dist/tex/latex/tools/calc.sty
Package: calc 2023/07/08 v4.3 Infix arithmetic (KKT,FJ)
\calc@Acount=\count334
\calc@Bcount=\count335
\calc@Adimen=\dimen306
\calc@Bdimen=\dimen307
\calc@Askip=\skip62
\calc@Bskip=\skip63
LaTeX Info: Redefining \setlength on input line 80.
LaTeX Info: Redefining \addtolength on input line 81.
\calc@Ccount=\count336
\calc@Cskip=\skip64
)
(/usr/share/texlive/texmf-dist/tex/latex/mathtools/mhsetup.sty
Package: mhsetup 2021/03/18 v1.4 programming setup (MH)
)
\g_MT_multlinerow_int=\count337
\l_MT_multwidth_dim=\dimen308
\origjot=\skip65
\l_MT_shortvdotswithinadjustabove_dim=\dimen309
\l_MT_shortvdotswithinadjustbelow_dim=\dimen310
\l_MT_above_intertext_sep=\dimen311
\l_MT_below_intertext_sep=\dimen312
\l_MT_above_shortintertext_sep=\dimen313
\l_MT_below_shortintertext_sep=\dimen314
\xmathstrut@box=\box70
\xmathstrut@dim=\dimen315
)
(/usr/share/texlive/texmf-dist/tex/generic/pgfplots/libs/tikzlibrarypgfplots.ex
ternal.code.tex
(/usr/share/texlive/texmf-dist/tex/latex/pgf/frontendlayer/libraries/tikzlibrar
yexternal.code.tex
(/usr/share/texlive/texmf-dist/tex/generic/pgf/frontendlayer/tikz/libraries/tik
zexternalshared.code.tex)))
(/usr/share/texlive/texmf-dist/tex/generic/pgfplots/libs/tikzlibrarypgfplots.gr
oupplots.code.tex
\pgfplots@group@current@plot=\count338
\pgfplots@group@current@row=\count339
\pgfplots@group@current@column=\count340

(/usr/share/texlive/texmf-dist/tex/generic/pgf/frontendlayer/tikz/libraries/tik
zlibrarycalc.code.tex
File: tikzlibrarycalc.code.tex 2023-01-15 v3.1.10 (3.1.10)
))
(/usr/share/texlive/texmf-dist/tex/generic/pgfplots/libs/tikzlibrarypgfplots.gr
oupplots.code.tex
\pgfplots@group@current@plot=\count341
\pgfplots@group@current@row=\count342
\pgfplots@group@current@column=\count343
)
(/usr/share/texlive/texmf-dist/tex/generic/pgf/frontendlayer/tikz/libraries/tik
zlibrarymatrix.code.tex
File: tikzlibrarymatrix.code.tex 2023-01-15 v3.1.10 (3.1.10)
)
(/usr/share/texlive/texmf-dist/tex/latex/xifthen/xifthen.sty
Package: xifthen 2015/11/05 v1.4.0 Extended ifthen features

(/usr/share/texlive/texmf-dist/tex/latex/base/ifthen.sty
Package: ifthen 2022/04/13 v1.1d Standard LaTeX ifthen package (DPC)
)
(/usr/share/texlive/texmf-dist/tex/latex/ifmtarg/ifmtarg.sty
Package: ifmtarg 2018/04/16 v1.2b check for an empty argument
))
(/usr/share/texlive/texmf-dist/tex/latex/tools/bm.sty
Package: bm 2023/07/08 v1.2f Bold Symbol Support (DPC/FMi)
\symboldoperators=\mathgroup6
\symboldletters=\mathgroup7
\symboldsymbols=\mathgroup8
Package bm Info: No bold for \OMX/cmex/m/n, using \pmb.
Package bm Info: No bold for \U/msa/m/n, using \pmb.
Package bm Info: No bold for \U/msb/m/n, using \pmb.
LaTeX Font Info:    Redeclaring math alphabet \mathbf on input line 149.
)
(/usr/share/texlive/texmf-dist/tex/latex/float/float.sty
Package: float 2001/11/08 v1.3d Float enhancements (AL)
\c@float@type=\count344
\float@exts=\toks53
\float@box=\box71
\@float@everytoks=\toks54
\@floatcapt=\box72
)
(/usr/share/texlive/texmf-dist/tex/latex/enumitem/enumitem.sty
Package: enumitem 2019/06/20 v3.9 Customized lists
\labelindent=\skip66
\enit@outerparindent=\dimen316
\enit@toks=\toks55
\enit@inbox=\box73
\enit@count@id=\count345
\enitdp@description=\count346
)
(/usr/share/texlive/texmf-dist/tex/latex/listings/listings.sty
\lst@mode=\count347
\lst@gtempboxa=\box74
\lst@token=\toks56
\lst@length=\count348
\lst@currlwidth=\dimen317
\lst@column=\count349
\lst@pos=\count350
\lst@lostspace=\dimen318
\lst@width=\dimen319
\lst@newlines=\count351
\lst@lineno=\count352
\lst@maxwidth=\dimen320

(/usr/share/texlive/texmf-dist/tex/latex/listings/lstmisc.sty
File: lstmisc.sty 2023/02/27 1.9 (Carsten Heinz)
\c@lstnumber=\count353
\lst@skipnumbers=\count354
\lst@framebox=\box75
)
(/usr/share/texlive/texmf-dist/tex/latex/listings/listings.cfg
File: listings.cfg 2023/02/27 1.9 listings configuration
))
Package: listings 2023/02/27 1.9 (Carsten Heinz)

(/usr/share/texlive/texmf-dist/tex/latex/caption/caption.sty
Package: caption 2023/08/05 v3.6o Customizing captions (AR)

(/usr/share/texlive/texmf-dist/tex/latex/caption/caption3.sty
Package: caption3 2023/07/31 v2.4d caption3 kernel (AR)
\caption@tempdima=\dimen321
\captionmargin=\dimen322
\caption@leftmargin=\dimen323
\caption@rightmargin=\dimen324
\caption@width=\dimen325
\caption@indent=\dimen326
\caption@parindent=\dimen327
\caption@hangindent=\dimen328
Package caption Info: Unknown document class (or package),
(caption)             standard defaults will be used.
Package caption Info: \@makecaption = \long macro:#1#2->\ifx \@captype \@IEEEta
blestring \footnotesize \bgroup \par \centering \@IEEEtabletopskipstrut {\norma
lfont \footnotesize #1}\\{\normalfont \footnotesize \scshape #2}\par \addvspace
 {0.5\baselineskip }\egroup \@IEEEtablecaptionsepspace \else \@IEEEfigurecaptio
nsepspace \setbox \@tempboxa \hbox {\normalfont \footnotesize {#1.}\nobreakspac
e \nobreakspace #2}\ifdim \wd \@tempboxa >\hsize \setbox \@tempboxa \hbox {\nor
malfont \footnotesize {#1.}\nobreakspace \nobreakspace }\parbox [t]{\hsize }{\n
ormalfont \footnotesize \noindent \unhbox \@tempboxa #2}\else \ifCLASSOPTIONcon
ference \hbox to\hsize {\normalfont \footnotesize \hfil \box \@tempboxa \hfil }
\else \hbox to\hsize {\normalfont \footnotesize \box \@tempboxa \hfil }\fi \fi 
\fi  on input line 1175.
)

Package caption Warning: Unknown document class (or package),
(caption)                standard defaults will be used.
See the caption package documentation for explanation.

\c@caption@flags=\count355
\c@continuedfloat=\count356
Package caption Info: float package is loaded.
Package caption Info: hyperref package is loaded.
Package caption Info: listings package is loaded.
) (/usr/share/texlive/texmf-dist/tex/latex/caption/subcaption.sty
Package: subcaption 2023/07/28 v1.6b Sub-captions (AR)
Package caption Info: New subtype `subfigure' on input line 238.
\c@subfigure=\count357
Package caption Info: New subtype `subtable' on input line 238.
\c@subtable=\count358
)
(/usr/share/texlive/texmf-dist/tex/latex/graphics/rotating.sty
Package: rotating 2016/08/11 v2.16d rotated objects in LaTeX
\c@r@tfl@t=\count359
\rotFPtop=\skip67
\rotFPbot=\skip68
\rot@float@box=\box76
\rot@mess@toks=\toks57
)
(/usr/share/texlive/texmf-dist/tex/latex/natbib/natbib.sty
Package: natbib 2010/09/13 8.31b (PWD, AO)
\bibhang=\skip69
\bibsep=\skip70
LaTeX Info: Redefining \cite on input line 694.
\c@NAT@ctr=\count360
)
(/usr/share/texlive/texmf-dist/tex/latex/fancyhdr/fancyhdr.sty
Package: fancyhdr 2022/11/09 v4.1 Extensive control of page headers and footers

\f@nch@headwidth=\skip71
\f@nch@O@elh=\skip72
\f@nch@O@erh=\skip73
\f@nch@O@olh=\skip74
\f@nch@O@orh=\skip75
\f@nch@O@elf=\skip76
\f@nch@O@erf=\skip77
\f@nch@O@olf=\skip78
\f@nch@O@orf=\skip79
)
(/usr/share/texlive/texmf-dist/tex/latex/parskip/parskip.sty
Package: parskip 2021-03-14 v2.0h non-zero parskip adjustments
)
(/usr/share/texlive/texmf-dist/tex/latex/listings/lstlang1.sty
File: lstlang1.sty 2023/02/27 1.9 listings language file
)
\tikzscale@accuracy=\skip80
 (./template.aux)
\openout1 = `template.aux'.

LaTeX Font Info:    Checking defaults for OML/cmm/m/it on input line 457.
LaTeX Font Info:    ... okay on input line 457.
LaTeX Font Info:    Checking defaults for OMS/cmsy/m/n on input line 457.
LaTeX Font Info:    ... okay on input line 457.
LaTeX Font Info:    Checking defaults for OT1/cmr/m/n on input line 457.
LaTeX Font Info:    ... okay on input line 457.
LaTeX Font Info:    Checking defaults for T1/cmr/m/n on input line 457.
LaTeX Font Info:    ... okay on input line 457.
LaTeX Font Info:    Checking defaults for TS1/cmr/m/n on input line 457.
LaTeX Font Info:    ... okay on input line 457.
LaTeX Font Info:    Checking defaults for OMX/cmex/m/n on input line 457.
LaTeX Font Info:    ... okay on input line 457.
LaTeX Font Info:    Checking defaults for U/cmr/m/n on input line 457.
LaTeX Font Info:    ... okay on input line 457.
LaTeX Font Info:    Checking defaults for PD1/pdf/m/n on input line 457.
LaTeX Font Info:    ... okay on input line 457.
LaTeX Font Info:    Checking defaults for PU/pdf/m/n on input line 457.
LaTeX Font Info:    ... okay on input line 457.
 (/usr/share/texlive/texmf-dist/tex/context/base/mkii/supp-pdf.mkii
[Loading MPS to PDF converter (version 2006.09.02).]
\scratchcounter=\count361
\scratchdimen=\dimen329
\scratchbox=\box77
\nofMPsegments=\count362
\nofMParguments=\count363
\everyMPshowfont=\toks58
\MPscratchCnt=\count364
\MPscratchDim=\dimen330
\MPnumerator=\count365
\makeMPintoPDFobject=\count366
\everyMPtoPDFconversion=\toks59
) (/usr/share/texlive/texmf-dist/tex/latex/epstopdf-pkg/epstopdf-base.sty
Package: epstopdf-base 2020-01-24 v2.11 Base part for package epstopdf
Package epstopdf-base Info: Redefining graphics rule for `.eps' on input line 4
85.

(/usr/share/texlive/texmf-dist/tex/latex/latexconfig/epstopdf-sys.cfg
File: epstopdf-sys.cfg 2010/07/13 v1.3 Configuration of (r)epstopdf for TeX Liv
e
))
Package hyperref Info: Link coloring ON on input line 457.

(./template.out) (./template.out)
\@outlinefile=\write4
\openout4 = `template.out'.


Package pgfplots notification 'compat/show suggested version=true': document ha
s been generated with the most recent feature set (\pgfplotsset{compat=1.18}).

\c@lstlisting=\count367
Package caption Info: Begin \AtBeginDocument code.
Package caption Info: rotating package is loaded.
Package caption Info: End \AtBeginDocument code.
Couldn't patch \deferred@thm@head!
(./coverpage.tex
<./figures/IN.pdf, id=87, 29.8716pt x 32.82263pt>
File: ./figures/IN.pdf Graphic file (type pdf)
<use ./figures/IN.pdf>
Package pdftex.def Info: ./figures/IN.pdf  used on input line 3.
(pdftex.def)             Requested size: 29.8715pt x 32.82254pt.
<./figures/tumlogo.pdf, id=88, 53.24893pt x 28.45631pt>
File: ./figures/tumlogo.pdf Graphic file (type pdf)
<use ./figures/tumlogo.pdf>
Package pdftex.def Info: ./figures/tumlogo.pdf  used on input line 3.
(pdftex.def)             Requested size: 53.2488pt x 28.45624pt.
LaTeX Font Info:    Trying to load font information for OT1+phv on input line 6
.
 (/usr/share/texlive/texmf-dist/tex/latex/psnfss/ot1phv.fd
File: ot1phv.fd 2020/03/25 scalable font definitions for OT1/phv.
)
Underfull \hbox (badness 10000) in paragraph at lines 6--8

 []


Underfull \hbox (badness 10000) in paragraph at lines 17--18

 []


Underfull \hbox (badness 10000) in paragraph at lines 25--26

 []

LaTeX Font Info:    Font shape `OT1/phv/m/it' in size <14> not available
(Font)              Font shape `OT1/phv/m/sl' tried instead on input line 28.

Underfull \hbox (badness 10000) in paragraph at lines 28--29

 []

LaTeX Font Info:    Trying to load font information for U+msa on input line 31.

(/usr/share/texlive/texmf-dist/tex/latex/amsfonts/umsa.fd
File: umsa.fd 2013/01/14 v3.01 AMS symbols A
)
LaTeX Font Info:    Trying to load font information for U+msb on input line 31.


(/usr/share/texlive/texmf-dist/tex/latex/amsfonts/umsb.fd
File: umsb.fd 2013/01/14 v3.01 AMS symbols B
)

LaTeX Warning: Float too large for page by 34.4591pt on input line 55.


LaTeX Warning: `!h' float specifier changed to `!ht'.

) [1{/var/lib/texmf/fonts/map/pdftex/updmap/pdftex.map}{/usr/share/texlive/texm
f-dist/fonts/enc/dvips/base/8r.enc} <./figures/IN.pdf> <./figures/tumlogo.pdf>]
LaTeX Font Info:    Trying to load font information for OT1+pcr on input line 4
94.
(/usr/share/texlive/texmf-dist/tex/latex/psnfss/ot1pcr.fd
File: ot1pcr.fd 2001/06/04 font definitions for OT1/pcr.
) [2


]

Package hyperref Warning: Token not allowed in a PDF string (Unicode):
(hyperref)                removing `\begingroup' on input line 614.


Package hyperref Warning: Token not allowed in a PDF string (Unicode):
(hyperref)                removing `\let' on input line 614.


Package hyperref Warning: Token not allowed in a PDF string (Unicode):
(hyperref)                removing `\<let>-command' on input line 614.


Package hyperref Warning: Token not allowed in a PDF string (Unicode):
(hyperref)                removing `\NAT@ctype' on input line 614.


Package hyperref Warning: Token not allowed in a PDF string (Unicode):
(hyperref)                removing `\z@' on input line 614.


Package hyperref Warning: Token not allowed in a PDF string (Unicode):
(hyperref)                removing `\let' on input line 614.


Package hyperref Warning: Token not allowed in a PDF string (Unicode):
(hyperref)                removing `\new@ifnextchar' on input line 614.


Underfull \hbox (badness 2005) in paragraph at lines 704--708
\OT1/pcr/m/n/10 bayesian-torch\OT1/ptm/m/n/10 's \OT1/pcr/m/n/10 AUAvULoss\OT1/
ptm/m/n/10 , used in this re-port,
 []

[3]
Underfull \hbox (badness 10000) in paragraph at lines 836--839
[]\OT1/ptm/b/n/10 Root Mean Squared Er-ror (RMSE). $[] \OT1/cmr/m/n/10 =
 []


Underfull \hbox (badness 2680) in paragraph at lines 836--839
[]$\OT1/ptm/m/n/10 , the point-prediction er-ror used for
 []

[4]
Underfull \hbox (badness 1546) in paragraph at lines 872--878
\OT1/ptm/m/n/10 half cres-cents. For re-gres-sion, we use a 1D si-nu-soidal
 []


Underfull \hbox (badness 4634) in paragraph at lines 879--893
\OT1/ptm/m/n/10 er-at-ing the Two Moons and Si-nu-soidal datasets. For
 []


Underfull \hbox (badness 2941) in paragraph at lines 946--952
\OT1/ptm/m/n/10 tion [][][][][], the LA is ap-plied across the Two Moons
 []


Underfull \hbox (badness 2103) in paragraph at lines 946--952
\OT1/ptm/m/n/10 and Si-nu-soidal note-books through the same high level
 []

[5]
Underfull \hbox (badness 10000) in paragraph at lines 965--969
[]\OT1/ptm/b/n/10 The \OT1/pcr/b/n/10 bayesian-torch \OT1/ptm/b/n/10 In-ter-fac
e. [][] \OT1/ptm/m/n/10 The
 []


Underfull \hbox (badness 1796) in paragraph at lines 965--969
\OT1/pcr/m/n/10 bayesian-torch \OT1/ptm/m/n/10 vari-ants are built by con-vert-
ing an
 []

LaTeX Font Info:    Trying to load font information for OMS+pcr on input line 9
70.
(/usr/share/texlive/texmf-dist/tex/latex/psnfss/omspcr.fd
File: omspcr.fd 
)
LaTeX Font Info:    Font shape `OMS/pcr/m/n' in size <10> not available
(Font)              Font shape `OMS/cmsy/m/n' tried instead on input line 970.

Underfull \hbox (badness 10000) in paragraph at lines 984--987
[]\OT1/ptm/m/n/10 Two cres-cent moons are gen-er-ated with the
 []


Underfull \hbox (badness 10000) in paragraph at lines 984--987
\OT1/pcr/m/n/10 sklearn.datasets.make_moons \OT1/ptm/m/n/10 func-tion, with
 []


Underfull \hbox (badness 2401) in paragraph at lines 1008--1020
\OT1/ptm/m/n/10 ants it is in-stead fixed to the MAP model's resid-ual
 []


Underfull \hbox (badness 2452) in paragraph at lines 1008--1020
\OT1/pcr/m/n/10 bayesian-torch \OT1/ptm/m/n/10 fits \OT1/pcr/m/n/10 sigma_noise
 \OT1/ptm/m/n/10 sep-a-rately with
 []


Underfull \hbox (badness 1590) in paragraph at lines 1008--1020
\OT1/pcr/m/n/10 optimize_noise_std_bt\OT1/ptm/m/n/10 , min-imis-ing Gaus-sian N
LL
 []


Underfull \hbox (badness 1655) in paragraph at lines 1029--1042
\OT1/ptm/m/n/10 dataset showed \OT1/pcr/m/n/10 bayesian-torch \OT1/ptm/m/n/10 c
al-i-brat-ing and pre-
 []


Underfull \hbox (badness 1502) in paragraph at lines 1055--1075
[]\OT1/ptm/b/n/10 Fixed con-fig-u-ra-tion. \OT1/ptm/m/n/10 Un-like Two Moons an
d Si-nu-soid,
 []


Underfull \hbox (badness 5175) in paragraph at lines 1055--1075
\OT1/ptm/m/n/10 Pover-tyMap is not a vari-ant grid: \OT1/pcr/m/n/10 laplace-tor
ch
 []


Underfull \hbox (badness 1400) in paragraph at lines 1055--1075
\OT1/ptm/m/n/10 uses a sin-gle con-fig-u-ra-tion match-ing the setup re-leased
 []


Underfull \hbox (badness 3724) in paragraph at lines 1055--1075
\OT1/ptm/m/n/10 ex-actly (last-layer sub-set, full Hes-sian, prior pre-ci-sion
 []


Underfull \hbox (badness 10000) in paragraph at lines 1055--1075
\OT1/ptm/m/n/10 fixed at $\OT1/cmr/m/n/10 10\OML/cmm/m/it/10 :\OT1/cmr/m/n/10 0
$ \OT1/ptm/m/n/10 per \OT1/pcr/m/n/10 configs/wilds/poverty/
 []


Underfull \hbox (badness 10000) in paragraph at lines 1055--1075
\OT1/pcr/m/n/10 wilds-poverty_laplace.yaml \OT1/ptm/m/n/10 in that repos-i-tory
,
 []


Underfull \hbox (badness 3735) in paragraph at lines 1055--1075
\OT1/ptm/m/n/10 from a ran-dom ini-tial-i-sa-tion, with no MOPED warm
 []


Underfull \hbox (badness 2903) in paragraph at lines 1055--1075
\OT1/ptm/m/n/10 Min-i-miza-tion (ERM) check-point re-leased by Daxberger
 []


Underfull \hbox (badness 1442) in paragraph at lines 1055--1075
\OT1/ptm/m/n/10 ei-ther method's re-ported to-tal time. The aleatoric noise
 []


Underfull \hbox (badness 1859) in paragraph at lines 1055--1075
\OT1/ptm/m/n/10 term is tuned in-de-pen-dently of the prior pre-ci-sion for
 []


Underfull \hbox (badness 5036) in paragraph at lines 1055--1075
\OT1/ptm/m/n/10 de-scent on val-i-da-tion NLL, and \OT1/pcr/m/n/10 bayesian-tor
ch\OT1/ptm/m/n/10 's
 []


Underfull \hbox (badness 10000) in paragraph at lines 1055--1075
\OT1/ptm/m/n/10 with the same \OT1/pcr/m/n/10 optimize_noise_std_bt \OT1/ptm/m/
n/10 rou-tine
 []


Underfull \hbox (badness 2103) in paragraph at lines 1055--1075
\OT1/ptm/m/n/10 used for Si-nu-soid. We ad-di-tion-ally test one al-ter-na-tive

 []

[6]
Underfull \hbox (badness 4084) in paragraph at lines 1081--1084
[]\OT1/ptm/m/n/10 This dataset uses the clas-si-fi-ca-tion met-rics (Ac-cu-racy
,
 []


Underfull \hbox (badness 1990) in paragraph at lines 1096--1104
\OT1/ptm/m/n/10 meth-ods; full ECE and Brier score val-ues are in Ta-
 []

<figures/5seed_two_moons_combined_reliability.png, id=274, 457.2282pt x 398.448
6pt>
File: figures/5seed_two_moons_combined_reliability.png Graphic file (type png)
<use figures/5seed_two_moons_combined_reliability.png>
Package pdftex.def Info: figures/5seed_two_moons_combined_reliability.png  used
 on input line 1107.
(pdftex.def)             Requested size: 189.0pt x 164.70253pt.
<figures/5seed_two_moons_bayesian_ece_bar.png, id=276, 693.792pt x 392.1852pt>
File: figures/5seed_two_moons_bayesian_ece_bar.png Graphic file (type png)
<use figures/5seed_two_moons_bayesian_ece_bar.png>
Package pdftex.def Info: figures/5seed_two_moons_bayesian_ece_bar.png  used on 
input line 1115.
(pdftex.def)             Requested size: 252.0pt x 142.44923pt.
<figures/5seed_two_moons_laplace_ece_bar.png, id=277, 679.338pt x 361.35pt>
File: figures/5seed_two_moons_laplace_ece_bar.png Graphic file (type png)
<use figures/5seed_two_moons_laplace_ece_bar.png>
Package pdftex.def Info: figures/5seed_two_moons_laplace_ece_bar.png  used on i
nput line 1120.
(pdftex.def)             Requested size: 252.0pt x 134.03926pt.
<figures/5seed_two_moons_gridsearch_full_all_weights_epistemic_map.png, id=279,
 552.1428pt x 453.3738pt>
File: figures/5seed_two_moons_gridsearch_full_all_weights_epistemic_map.png Gra
phic file (type png)
<use figures/5seed_two_moons_gridsearch_full_all_weights_epistemic_map.png>
Package pdftex.def Info: figures/5seed_two_moons_gridsearch_full_all_weights_ep
istemic_map.png  used on input line 1134.
(pdftex.def)             Requested size: 151.20154pt x 124.14896pt.
[7 <./figures/5seed_two_moons_combined_reliability.png> <./figures/5seed_two_mo
ons_bayesian_ece_bar.png> <./figures/5seed_two_moons_laplace_ece_bar.png>]
<figures/5seed_two_moons_bayesian_total_time_bar.png, id=298, 643.203pt x 392.1
852pt>
File: figures/5seed_two_moons_bayesian_total_time_bar.png Graphic file (type pn
g)
<use figures/5seed_two_moons_bayesian_total_time_bar.png>
Package pdftex.def Info: figures/5seed_two_moons_bayesian_total_time_bar.png  u
sed on input line 1153.
(pdftex.def)             Requested size: 252.0pt x 153.65176pt.
<figures/5seed_two_moons_laplace_total_time_bar.png, id=299, 626.8218pt x 361.3
5pt>
File: figures/5seed_two_moons_laplace_total_time_bar.png Graphic file (type png
)
<use figures/5seed_two_moons_laplace_total_time_bar.png>
Package pdftex.def Info: figures/5seed_two_moons_laplace_total_time_bar.png  us
ed on input line 1158.
(pdftex.def)             Requested size: 252.0pt x 145.27077pt.
<figures/5seed_sinusoid_comparison_combined_calibration.png, id=312, 493.845pt 
x 398.4486pt>
File: figures/5seed_sinusoid_comparison_combined_calibration.png Graphic file (
type png)
<use figures/5seed_sinusoid_comparison_combined_calibration.png>
Package pdftex.def Info: figures/5seed_sinusoid_comparison_combined_calibration
.png  used on input line 1200.
(pdftex.def)             Requested size: 189.0pt x 152.48816pt.
<figures/5seed_sinusoid_comparison_bayesian_calibration_error_bar.png, id=313, 
604.1772pt x 372.4314pt>
File: figures/5seed_sinusoid_comparison_bayesian_calibration_error_bar.png Grap
hic file (type png)
<use figures/5seed_sinusoid_comparison_bayesian_calibration_error_bar.png>
Package pdftex.def Info: figures/5seed_sinusoid_comparison_bayesian_calibration
_error_bar.png  used on input line 1208.
(pdftex.def)             Requested size: 252.0pt x 155.34038pt.
<figures/5seed_sinusoid_comparison_laplace_calibration_error_bar.png, id=314, 6
15.7404pt x 361.35pt>
File: figures/5seed_sinusoid_comparison_laplace_calibration_error_bar.png Graph
ic file (type png)
<use figures/5seed_sinusoid_comparison_laplace_calibration_error_bar.png>
Package pdftex.def Info: figures/5seed_sinusoid_comparison_laplace_calibration_
error_bar.png  used on input line 1213.
(pdftex.def)             Requested size: 252.0pt x 147.88428pt.
<figures/sinusoid_comparison_kron_all_adam_loop_prediction.png, id=316, 587.314
2pt x 342.5598pt>
File: figures/sinusoid_comparison_kron_all_adam_loop_prediction.png Graphic fil
e (type png)
<use figures/sinusoid_comparison_kron_all_adam_loop_prediction.png>
Package pdftex.def Info: figures/sinusoid_comparison_kron_all_adam_loop_predict
ion.png  used on input line 1228.
(pdftex.def)             Requested size: 189.0pt x 110.23293pt.

[8 <./figures/5seed_two_moons_gridsearch_full_all_weights_epistemic_map.png> <.
/figures/5seed_two_moons_bayesian_total_time_bar.png> <./figures/5seed_two_moon
s_laplace_total_time_bar.png> <./figures/5seed_sinusoid_comparison_combined_cal
ibration.png>]
<figures/5seed_sinusoid_comparison_bayesian_total_time_bar.png, id=333, 611.886
pt x 372.4314pt>
File: figures/5seed_sinusoid_comparison_bayesian_total_time_bar.png Graphic fil
e (type png)
<use figures/5seed_sinusoid_comparison_bayesian_total_time_bar.png>
Package pdftex.def Info: figures/5seed_sinusoid_comparison_bayesian_total_time_
bar.png  used on input line 1250.
(pdftex.def)             Requested size: 252.0pt x 153.37979pt.
<figures/5seed_sinusoid_comparison_laplace_total_time_bar.png, id=334, 611.886p
t x 361.35pt>
File: figures/5seed_sinusoid_comparison_laplace_total_time_bar.png Graphic file
 (type png)
<use figures/5seed_sinusoid_comparison_laplace_total_time_bar.png>
Package pdftex.def Info: figures/5seed_sinusoid_comparison_laplace_total_time_b
ar.png  used on input line 1255.
(pdftex.def)             Requested size: 252.0pt x 148.8161pt.
 [9 <./figures/5seed_sinusoid_comparison_bayesian_calibration_error_bar.png> <.
/figures/5seed_sinusoid_comparison_laplace_calibration_error_bar.png> <./figure
s/sinusoid_comparison_kron_all_adam_loop_prediction.png> <./figures/5seed_sinus
oid_comparison_bayesian_total_time_bar.png> <./figures/5seed_sinusoid_compariso
n_laplace_total_time_bar.png>]
<figures/5seed_sinusoid_bayesian_epistemic_ratio_bar.png, id=354, 615.7404pt x 
372.4314pt>
File: figures/5seed_sinusoid_bayesian_epistemic_ratio_bar.png Graphic file (typ
e png)
<use figures/5seed_sinusoid_bayesian_epistemic_ratio_bar.png>
Package pdftex.def Info: figures/5seed_sinusoid_bayesian_epistemic_ratio_bar.pn
g  used on input line 1287.
(pdftex.def)             Requested size: 252.0pt x 152.41939pt.
<figures/5seed_sinusoid_laplace_epistemic_ratio_bar.png, id=355, 619.5948pt x 3
61.35pt>
File: figures/5seed_sinusoid_laplace_epistemic_ratio_bar.png Graphic file (type
 png)
<use figures/5seed_sinusoid_laplace_epistemic_ratio_bar.png>
Package pdftex.def Info: figures/5seed_sinusoid_laplace_epistemic_ratio_bar.png
  used on input line 1292.
(pdftex.def)             Requested size: 252.0pt x 146.969pt.
<figures/povertymap_cal_error_bar.png, id=361, 781.9614pt x 368.577pt>
File: figures/povertymap_cal_error_bar.png Graphic file (type png)
<use figures/povertymap_cal_error_bar.png>
Package pdftex.def Info: figures/povertymap_cal_error_bar.png  used on input li
ne 1313.
(pdftex.def)             Requested size: 252.0pt x 118.77939pt.
<figures/povertymap_calibration_curves.png, id=362, 854.2314pt x 353.1594pt>
File: figures/povertymap_calibration_curves.png Graphic file (type png)
<use figures/povertymap_calibration_curves.png>
Package pdftex.def Info: figures/povertymap_calibration_curves.png  used on inp
ut line 1320.
(pdftex.def)             Requested size: 252.0pt x 104.1811pt.
<figures/povertymap_total_time_bar.png, id=365, 402.7848pt x 327.624pt>
File: figures/povertymap_total_time_bar.png Graphic file (type png)
<use figures/povertymap_total_time_bar.png>
Package pdftex.def Info: figures/povertymap_total_time_bar.png  used on input l
ine 1332.
(pdftex.def)             Requested size: 151.20154pt x 122.98366pt.

Underfull \hbox (badness 7308) in paragraph at lines 1337--1342
[]\OT1/ptm/b/n/10 Inference time. \OT1/pcr/m/n/10 laplace-torch \OT1/ptm/m/n/10
 in-fers faster than
 []

[10 <./figures/5seed_sinusoid_bayesian_epistemic_ratio_bar.png> <./figures/5see
d_sinusoid_laplace_epistemic_ratio_bar.png> <./figures/povertymap_cal_error_bar
.png> <./figures/povertymap_calibration_curves.png>]
Underfull \hbox (badness 10000) in paragraph at lines 1433--1435
[]\OT1/pcr/m/n/10 bayesian-torch\OT1/ptm/m/n/10 : [][]$https : / / github . com
 / IntelLabs /
 []

** WARNING: Ignoring useless \section in Appendix (line 1442).
[11 <./figures/povertymap_total_time_bar.png>]
Underfull \hbox (badness 10000) in paragraph at lines 1495--1502
[]\OT1/ptm/b/n/10 Tuning. \OT1/ptm/m/n/10 For \OT1/pcr/m/n/10 bayesian-torch\OT
1/ptm/m/n/10 , scratch ini-tial-i-sa-tion
 []


Underfull \hbox (badness 1762) in paragraph at lines 1503--1512
\OT1/ptm/m/n/10 vari-ant of both meth-ods; full val-ues are in Ta-bles [][]III[
][]
 []

<figures/5seed_sinusoid_combined_calibration.png, id=404, 457.2282pt x 398.4486
pt>
File: figures/5seed_sinusoid_combined_calibration.png Graphic file (type png)
<use figures/5seed_sinusoid_combined_calibration.png>
Package pdftex.def Info: figures/5seed_sinusoid_combined_calibration.png  used 
on input line 1515.
(pdftex.def)             Requested size: 189.0pt x 164.70253pt.
<figures/5seed_sinusoid_bayesian_calibration_error_bar.png, id=405, 604.659pt x
 372.4314pt>
File: figures/5seed_sinusoid_bayesian_calibration_error_bar.png Graphic file (t
ype png)
<use figures/5seed_sinusoid_bayesian_calibration_error_bar.png>
Package pdftex.def Info: figures/5seed_sinusoid_bayesian_calibration_error_bar.
png  used on input line 1523.
(pdftex.def)             Requested size: 252.0pt x 155.21535pt.
<figures/5seed_sinusoid_laplace_calibration_error_bar.png, id=406, 672.111pt x 
359.9046pt>
File: figures/5seed_sinusoid_laplace_calibration_error_bar.png Graphic file (ty
pe png)
<use figures/5seed_sinusoid_laplace_calibration_error_bar.png>
Package pdftex.def Info: figures/5seed_sinusoid_laplace_calibration_error_bar.p
ng  used on input line 1528.
(pdftex.def)             Requested size: 252.0pt x 134.94193pt.
<figures/5seed_sinusoid_kron_all_gridsearch_prediction.png, id=408, 558.4062pt 
x 342.078pt>
File: figures/5seed_sinusoid_kron_all_gridsearch_prediction.png Graphic file (t
ype png)
<use figures/5seed_sinusoid_kron_all_gridsearch_prediction.png>
Package pdftex.def Info: figures/5seed_sinusoid_kron_all_gridsearch_prediction.
png  used on input line 1543.
(pdftex.def)             Requested size: 189.0pt x 115.783pt.

Underfull \hbox (badness 3690) in paragraph at lines 1548--1555
\OT1/ptm/m/n/10 For \OT1/pcr/m/n/10 bayesian-torch\OT1/ptm/m/n/10 , MOPED rough
ly halves to-tal
 []

<figures/5seed_sinusoid_bayesian_total_time_bar.png, id=412, 619.113pt x 372.43
14pt>
File: figures/5seed_sinusoid_bayesian_total_time_bar.png Graphic file (type png
)
<use figures/5seed_sinusoid_bayesian_total_time_bar.png>
Package pdftex.def Info: figures/5seed_sinusoid_bayesian_total_time_bar.png  us
ed on input line 1559.
(pdftex.def)             Requested size: 252.0pt x 151.5897pt.
<figures/5seed_sinusoid_laplace_total_time_bar.png, id=413, 619.113pt x 359.904
6pt>
File: figures/5seed_sinusoid_laplace_total_time_bar.png Graphic file (type png)

<use figures/5seed_sinusoid_laplace_total_time_bar.png>
Package pdftex.def Info: figures/5seed_sinusoid_laplace_total_time_bar.png  use
d on input line 1564.
(pdftex.def)             Requested size: 252.0pt x 146.49095pt.

Underfull \hbox (badness 7308) in paragraph at lines 1571--1574
[]\OT1/ptm/b/n/10 Inference time. \OT1/pcr/m/n/10 laplace-torch \OT1/ptm/m/n/10
 in-fers faster than
 []

[12 <./figures/5seed_sinusoid_combined_calibration.png> <./figures/5seed_sinuso
id_bayesian_calibration_error_bar.png> <./figures/5seed_sinusoid_laplace_calibr
ation_error_bar.png>]
<figures/5seed_sinusoid_small_bayesian_epistemic_ratio_bar.png, id=440, 615.740
4pt x 372.4314pt>
File: figures/5seed_sinusoid_small_bayesian_epistemic_ratio_bar.png Graphic fil
e (type png)
<use figures/5seed_sinusoid_small_bayesian_epistemic_ratio_bar.png>
Package pdftex.def Info: figures/5seed_sinusoid_small_bayesian_epistemic_ratio_
bar.png  used on input line 1589.
(pdftex.def)             Requested size: 252.0pt x 152.41939pt.
<figures/5seed_sinusoid_small_laplace_epistemic_ratio_bar.png, id=441, 619.5948
pt x 359.9046pt>
File: figures/5seed_sinusoid_small_laplace_epistemic_ratio_bar.png Graphic file
 (type png)
<use figures/5seed_sinusoid_small_laplace_epistemic_ratio_bar.png>
Package pdftex.def Info: figures/5seed_sinusoid_small_laplace_epistemic_ratio_b
ar.png  used on input line 1594.
(pdftex.def)             Requested size: 252.0pt x 146.38112pt.
<figures/5seed_two_moons_bayesian_nll_bar.png, id=447, 693.792pt x 392.1852pt>
File: figures/5seed_two_moons_bayesian_nll_bar.png Graphic file (type png)
<use figures/5seed_two_moons_bayesian_nll_bar.png>
Package pdftex.def Info: figures/5seed_two_moons_bayesian_nll_bar.png  used on 
input line 1683.
(pdftex.def)             Requested size: 252.0pt x 142.44923pt.
<figures/5seed_two_moons_laplace_nll_bar.png, id=448, 679.338pt x 361.35pt>
File: figures/5seed_two_moons_laplace_nll_bar.png Graphic file (type png)
<use figures/5seed_two_moons_laplace_nll_bar.png>
Package pdftex.def Info: figures/5seed_two_moons_laplace_nll_bar.png  used on i
nput line 1688.
(pdftex.def)             Requested size: 252.0pt x 134.03926pt.
 [13 <./figures/5seed_sinusoid_kron_all_gridsearch_prediction.png> <./figures/5
seed_sinusoid_bayesian_total_time_bar.png> <./figures/5seed_sinusoid_laplace_to
tal_time_bar.png> <./figures/5seed_sinusoid_small_bayesian_epistemic_ratio_bar.
png> <./figures/5seed_sinusoid_small_laplace_epistemic_ratio_bar.png>] [14]
<figures/povertymap_rmse_nll_bar.png, id=477, 854.2314pt x 737.154pt>
File: figures/povertymap_rmse_nll_bar.png Graphic file (type png)
<use figures/povertymap_rmse_nll_bar.png>
Package pdftex.def Info: figures/povertymap_rmse_nll_bar.png  used on input lin
e 1802.
(pdftex.def)             Requested size: 252.0pt x 217.45854pt.
 [15 <./figures/5seed_two_moons_bayesian_nll_bar.png> <./figures/5seed_two_moon
s_laplace_nll_bar.png> <./figures/povertymap_rmse_nll_bar.png>] [16] (./templat
e.bbl
Underfull \hbox (badness 2401) in paragraph at lines 44--50
[]\OT1/ptm/m/n/10 Ranganath Kr-ish-nan, Ma-hesh Sube-dar, and Omesh
 []

)

** Conference Paper **
Before submitting the final camera ready copy, remember to:

 1. Manually equalize the lengths of two columns on the last page
 of your paper;

 2. Ensure that any PostScript and/or PDF output post-processing
 uses only Type 1 fonts and that every step in the generation
 process uses the appropriate paper size.

[17


] (./template.aux)
 ***********
LaTeX2e <2023-11-01> patch level 1
L3 programming layer <2024-01-22>
 ***********


LaTeX Warning: Label(s) may have changed. Rerun to get cross-references right.

Package rerunfilecheck Info: File `template.out' has not changed.
(rerunfilecheck)             Checksum: 244732C8B31281DF3EE0CF21AE707E3C;3326.
 ) 
Here is how much of TeX's memory you used:
 39639 strings out of 474222
 907653 string characters out of 5748732
 1988975 words of memory out of 5000000
 61133 multiletter control sequences out of 15000+600000
 615632 words of font info for 146 fonts, out of 8000000 for 9000
 1144 hyphenation exceptions out of 8191
 96i,11n,101p,726b,639s stack positions out of 10000i,1000n,20000p,200000b,200000s
</usr/share/texlive/texmf-dist/fonts/type1/public/amsfonts/cmextra/cmbsy7.pfb
></usr/share/texlive/texmf-dist/fonts/type1/public/amsfonts/cmextra/cmbsy8.pfb>
</usr/share/texlive/texmf-dist/fonts/type1/public/amsfonts/cm/cmbx10.pfb></usr/
share/texlive/texmf-dist/fonts/type1/public/amsfonts/cm/cmbx7.pfb></usr/share/t
exlive/texmf-dist/fonts/type1/public/amsfonts/cm/cmbx8.pfb></usr/share/texlive/
texmf-dist/fonts/type1/public/amsfonts/cm/cmex10.pfb></usr/share/texlive/texmf-
dist/fonts/type1/public/amsfonts/cm/cmmi10.pfb></usr/share/texlive/texmf-dist/f
onts/type1/public/amsfonts/cm/cmmi5.pfb></usr/share/texlive/texmf-dist/fonts/ty
pe1/public/amsfonts/cm/cmmi7.pfb></usr/share/texlive/texmf-dist/fonts/type1/pub
lic/amsfonts/cm/cmmi8.pfb></usr/share/texlive/texmf-dist/fonts/type1/public/ams
fonts/cm/cmmib10.pfb></usr/share/texlive/texmf-dist/fonts/type1/public/amsfonts
/cmextra/cmmib7.pfb></usr/share/texlive/texmf-dist/fonts/type1/public/amsfonts/
cmextra/cmmib8.pfb></usr/share/texlive/texmf-dist/fonts/type1/public/amsfonts/c
m/cmr10.pfb></usr/share/texlive/texmf-dist/fonts/type1/public/amsfonts/cm/cmr5.
pfb></usr/share/texlive/texmf-dist/fonts/type1/public/amsfonts/cm/cmr7.pfb></us
r/share/texlive/texmf-dist/fonts/type1/public/amsfonts/cm/cmr8.pfb></usr/share/
texlive/texmf-dist/fonts/type1/public/amsfonts/cm/cmsy10.pfb></usr/share/texliv
e/texmf-dist/fonts/type1/public/amsfonts/cm/cmsy7.pfb></usr/share/texlive/texmf
-dist/fonts/type1/public/amsfonts/cm/cmsy8.pfb></usr/share/texlive/texmf-dist/f
onts/type1/public/amsfonts/symbols/msbm10.pfb></usr/share/texlive/texmf-dist/fo
nts/type1/urw/courier/ucrb8a.pfb></usr/share/texlive/texmf-dist/fonts/type1/urw
/courier/ucrr8a.pfb></usr/share/texlive/texmf-dist/fonts/type1/urw/helvetic/uhv
b8a.pfb></usr/share/texlive/texmf-dist/fonts/type1/urw/helvetic/uhvr8a.pfb></us
r/share/texlive/texmf-dist/fonts/type1/urw/helvetic/uhvro8a.pfb></usr/share/tex
live/texmf-dist/fonts/type1/urw/times/utmb8a.pfb></usr/share/texlive/texmf-dist
/fonts/type1/urw/times/utmbi8a.pfb></usr/share/texlive/texmf-dist/fonts/type1/u
rw/times/utmr8a.pfb></usr/share/texlive/texmf-dist/fonts/type1/urw/times/utmri8
a.pfb>
Output written on template.pdf (17 pages, 2592446 bytes).
PDF statistics:
 645 PDF objects out of 1000 (max. 8388607)
 499 compressed objects within 5 object streams
 103 named destinations out of 1000 (max. 500000)
 323 words of extra memory for PDF output out of 10000 (max. 10000000)

